Archive member included to satisfy reference by file (symbol)

libst7735.a(st7735.c.obj)     CMakeFiles/RPPicoMandelbrot.dir/main.c.obj (LCD_Init)
c:/vsarm/armcc/102021~1.10/bin/../lib/gcc/arm-none-eabi/10.3.1/thumb/v6-m/nofp\libgcc.a(_thumb1_case_uqi.o)
                              CMakeFiles/RPPicoMandelbrot.dir/main.c.obj (__gnu_thumb1_case_uqi)
c:/vsarm/armcc/102021~1.10/bin/../lib/gcc/arm-none-eabi/10.3.1/thumb/v6-m/nofp\libgcc.a(_thumb1_case_shi.o)
                              CMakeFiles/RPPicoMandelbrot.dir/C_/VSARM/sdk/pico/pico-sdk/src/rp2_common/pico_printf/printf.c.obj (__gnu_thumb1_case_shi)
c:/vsarm/armcc/102021~1.10/bin/../lib/gcc/arm-none-eabi/10.3.1/thumb/v6-m/nofp\libgcc.a(_thumb1_case_uhi.o)
                              CMakeFiles/RPPicoMandelbrot.dir/C_/VSARM/sdk/pico/pico-sdk/lib/tinyusb/src/device/usbd.c.obj (__gnu_thumb1_case_uhi)
c:/vsarm/armcc/102021~1.10/bin/../lib/gcc/arm-none-eabi/10.3.1/thumb/v6-m/nofp\libgcc.a(_dvmd_tls.o)
                              CMakeFiles/RPPicoMandelbrot.dir/C_/VSARM/sdk/pico/pico-sdk/src/rp2_common/pico_divider/divider.S.obj (__aeabi_idiv0)
c:/vsarm/armcc/102021~1.10/bin/../lib/gcc/arm-none-eabi/10.3.1/thumb/v6-m/nofp\libgcc.a(_lshrdi3.o)
                              CMakeFiles/RPPicoMandelbrot.dir/C_/VSARM/sdk/pico/pico-sdk/src/rp2_common/pico_double/double_math.c.obj (__aeabi_llsr)
c:/vsarm/armcc/102021~1.10/bin/../lib/gcc/arm-none-eabi/10.3.1/thumb/v6-m/nofp\libgcc.a(_ashldi3.o)
                              CMakeFiles/RPPicoMandelbrot.dir/C_/VSARM/sdk/pico/pico-sdk/src/rp2_common/pico_double/double_math.c.obj (__aeabi_llsl)
c:/vsarm/armcc/102021~1.10/bin/../lib/gcc/arm-none-eabi/10.3.1/../../../../arm-none-eabi/lib/thumb/v6-m/nofp\libg.a(lib_a-calloc.o)
                              CMakeFiles/RPPicoMandelbrot.dir/C_/VSARM/sdk/pico/pico-sdk/src/rp2_common/pico_malloc/pico_malloc.c.obj (calloc)
c:/vsarm/armcc/102021~1.10/bin/../lib/gcc/arm-none-eabi/10.3.1/../../../../arm-none-eabi/lib/thumb/v6-m/nofp\libg.a(lib_a-callocr.o)
                              c:/vsarm/armcc/102021~1.10/bin/../lib/gcc/arm-none-eabi/10.3.1/../../../../arm-none-eabi/lib/thumb/v6-m/nofp\libg.a(lib_a-calloc.o) (_calloc_r)
c:/vsarm/armcc/102021~1.10/bin/../lib/gcc/arm-none-eabi/10.3.1/../../../../arm-none-eabi/lib/thumb/v6-m/nofp\libg.a(lib_a-ctype_.o)
                              CMakeFiles/RPPicoMandelbrot.dir/C_/VSARM/sdk/pico/pico-sdk/lib/tinyusb/src/tusb.c.obj (_ctype_)
c:/vsarm/armcc/102021~1.10/bin/../lib/gcc/arm-none-eabi/10.3.1/../../../../arm-none-eabi/lib/thumb/v6-m/nofp\libg.a(lib_a-errno.o)
                              c:/vsarm/armcc/102021~1.10/bin/../lib/gcc/arm-none-eabi/10.3.1/../../../../arm-none-eabi/lib/thumb/v6-m/nofp\libg.a(lib_a-callocr.o) (__errno)
c:/vsarm/armcc/102021~1.10/bin/../lib/gcc/arm-none-eabi/10.3.1/../../../../arm-none-eabi/lib/thumb/v6-m/nofp\libg.a(lib_a-impure.o)
                              c:/vsarm/armcc/102021~1.10/bin/../lib/gcc/arm-none-eabi/10.3.1/../../../../arm-none-eabi/lib/thumb/v6-m/nofp\libg.a(lib_a-calloc.o) (_impure_ptr)
c:/vsarm/armcc/102021~1.10/bin/../lib/gcc/arm-none-eabi/10.3.1/../../../../arm-none-eabi/lib/thumb/v6-m/nofp\libg.a(lib_a-malloc.o)
                              CMakeFiles/RPPicoMandelbrot.dir/C_/VSARM/sdk/pico/pico-sdk/src/rp2_common/pico_malloc/pico_malloc.c.obj (malloc)
c:/vsarm/armcc/102021~1.10/bin/../lib/gcc/arm-none-eabi/10.3.1/../../../../arm-none-eabi/lib/thumb/v6-m/nofp\libg.a(lib_a-mallocr.o)
                              c:/vsarm/armcc/102021~1.10/bin/../lib/gcc/arm-none-eabi/10.3.1/../../../../arm-none-eabi/lib/thumb/v6-m/nofp\libg.a(lib_a-callocr.o) (_malloc_r)
c:/vsarm/armcc/102021~1.10/bin/../lib/gcc/arm-none-eabi/10.3.1/../../../../arm-none-eabi/lib/thumb/v6-m/nofp\libg.a(lib_a-mlock.o)
                              c:/vsarm/armcc/102021~1.10/bin/../lib/gcc/arm-none-eabi/10.3.1/../../../../arm-none-eabi/lib/thumb/v6-m/nofp\libg.a(lib_a-mallocr.o) (__malloc_lock)
c:/vsarm/armcc/102021~1.10/bin/../lib/gcc/arm-none-eabi/10.3.1/../../../../arm-none-eabi/lib/thumb/v6-m/nofp\libg.a(lib_a-sbrkr.o)
                              c:/vsarm/armcc/102021~1.10/bin/../lib/gcc/arm-none-eabi/10.3.1/../../../../arm-none-eabi/lib/thumb/v6-m/nofp\libg.a(lib_a-mallocr.o) (_sbrk_r)
c:/vsarm/armcc/102021~1.10/bin/../lib/gcc/arm-none-eabi/10.3.1/../../../../arm-none-eabi/lib/thumb/v6-m/nofp\libg.a(lib_a-strlen-stub.o)
                              CMakeFiles/RPPicoMandelbrot.dir/C_/VSARM/sdk/pico/pico-sdk/src/rp2_common/pico_stdio/stdio.c.obj (strlen)
c:/vsarm/armcc/102021~1.10/bin/../lib/gcc/arm-none-eabi/10.3.1/../../../../arm-none-eabi/lib/thumb/v6-m/nofp\libg.a(lib_a-freer.o)
                              c:/vsarm/armcc/102021~1.10/bin/../lib/gcc/arm-none-eabi/10.3.1/../../../../arm-none-eabi/lib/thumb/v6-m/nofp\libg.a(lib_a-malloc.o) (_free_r)
c:/vsarm/armcc/102021~1.10/bin/../lib/gcc/arm-none-eabi/10.3.1/../../../../arm-none-eabi/lib/thumb/v6-m/nofp\libg.a(lib_a-lock.o)
[...]
Memory Configuration

Name             Origin             Length             Attributes
RAM              0x20000000         0x00040000         xrw
SCRATCH_X        0x20040000         0x00001000         xrw
SCRATCH_Y        0x20041000         0x00001000         xrw
*default*        0x00000000         0xffffffff

Linker script and memory map


.text           0x20000000     0x6998
                0x20000000                __logical_binary_start = .
                0x20000000                __reset_start = .
 *(.reset)
 .reset         0x20000000       0xac CMakeFiles/RPPicoMandelbrot.dir/C_/VSARM/sdk/pico/pico-sdk/src/rp2_common/pico_standard_link/crt0.S.obj
                0x20000000                _entry_point
                0x2000007e                __get_current_exception
 .reset         0x200000ac       0x24 CMakeFiles/RPPicoMandelbrot.dir/C_/VSARM/sdk/pico/pico-sdk/src/rp2_common/pico_standard_link/binary_info.c.obj
                0x200000d0                __reset_end = .
 *(.binary_info_header)
 .binary_info_header
                0x200000d0       0x14 CMakeFiles/RPPicoMandelbrot.dir/C_/VSARM/sdk/pico/pico-sdk/src/rp2_common/pico_standard_link/crt0.S.obj
                0x200000e4                __binary_info_header_end = .
                0x20000100                . = ALIGN (0x100)
 *fill*         0x200000e4       0x1c 
 *(.vectors)
 .vectors       0x20000100       0xd4 CMakeFiles/RPPicoMandelbrot.dir/C_/VSARM/sdk/pico/pico-sdk/src/rp2_common/pico_standard_link/crt0.S.obj
                0x20000100                __VECTOR_TABLE
                0x20000100                __vectors
                0x200001c0                isr_invalid
                0x200001c0                __default_isrs_start
                0x200001c2                isr_nmi
                0x200001c4                isr_hardfault
                0x200001c6                isr_svcall
                0x200001c8                isr_pendsv
                0x200001ca                isr_systick
                0x200001cc                isr_irq23
                0x200001cc                isr_irq18
                0x200001cc                isr_irq11
                0x200001cc                isr_irq28
                0x200001cc                isr_irq19
                0x200001cc                isr_irq0
                0x200001cc                isr_irq6
                0x200001cc                isr_irq5
                0x200001cc                isr_irq12
                0x200001cc                isr_irq22
                0x200001cc                isr_irq31
                0x200001cc                isr_irq17
                0x200001cc                isr_irq27
                0x200001cc                isr_irq30
                0x200001cc                isr_irq2
                0x200001cc                isr_irq10
                0x200001cc                isr_irq8
                0x200001cc                isr_irq24
                0x200001cc                isr_irq1
                0x200001cc                isr_irq7
                0x200001cc                isr_irq21
                0x200001cc                isr_irq20
                0x200001cc                isr_irq15
                0x200001cc                isr_irq25
                0x200001cc                isr_irq13
                0x200001cc                __unhandled_user_irq
                0x200001cc                isr_irq4
                0x200001cc                isr_irq16
                0x200001cc                isr_irq29
                0x200001cc                isr_irq26
                0x200001cc                __default_isrs_end
                0x200001cc                isr_irq3
                0x200001cc                isr_irq14
                0x200001cc                isr_irq9
                0x200001d2                unhandled_user_irq_num_in_r0
 *(.time_critical*)
 .time_critical.mutex_enter_blocking
                0x200001d4       0x42 CMakeFiles/RPPicoMandelbrot.dir/C_/VSARM/sdk/pico/pico-sdk/src/common/pico_sync/mutex.c.obj
                0x200001d4                mutex_enter_blocking
 .time_critical.mutex_try_enter
                0x20000216       0x42 CMakeFiles/RPPicoMandelbrot.dir/C_/VSARM/sdk/pico/pico-sdk/src/common/pico_sync/mutex.c.obj
                0x20000216                mutex_try_enter
 .time_critical.mutex_enter_block_until
                0x20000258       0x78 CMakeFiles/RPPicoMandelbrot.dir/C_/VSARM/sdk/pico/pico-sdk/src/common/pico_sync/mutex.c.obj
                0x20000258                mutex_enter_block_until
 .time_critical.mutex_enter_timeout_ms
                0x200002d0       0x16 CMakeFiles/RPPicoMandelbrot.dir/C_/VSARM/sdk/pico/pico-sdk/src/common/pico_sync/mutex.c.obj
                0x200002d0                mutex_enter_timeout_ms
 *fill*         0x200002e6        0x2 
 .time_critical.mutex_exit
                0x200002e8       0x48 CMakeFiles/RPPicoMandelbrot.dir/C_/VSARM/sdk/pico/pico-sdk/src/common/pico_sync/mutex.c.obj
                0x200002e8                mutex_exit
 .time_critical.spi_write_blocking
                0x20000330       0x42 CMakeFiles/RPPicoMandelbrot.dir/C_/VSARM/sdk/pico/pico-sdk/src/rp2_common/hardware_spi/spi.c.obj
                0x20000330                spi_write_blocking
 *(.text*)
 .text.color565
                0x20000372       0x14 CMakeFiles/RPPicoMandelbrot.dir/main.c.obj
                0x20000372                color565
 .text.hsv_to_rgb
                0x20000386       0xa6 CMakeFiles/RPPicoMandelbrot.dir/main.c.obj
                0x20000386                hsv_to_rgb
 .text.draw_mandelbrot
                0x2000042c      0x15c CMakeFiles/RPPicoMandelbrot.dir/main.c.obj
                0x2000042c                draw_mandelbrot
 .text.startup.main
                0x20000588       0x98 CMakeFiles/RPPicoMandelbrot.dir/main.c.obj
                0x20000588                main
 .text.set_sys_clock_pll
                0x20000620       0x78 CMakeFiles/RPPicoMandelbrot.dir/C_/VSARM/sdk/pico/pico-sdk/src/rp2_common/pico_stdlib/stdlib.c.obj
                0x20000620                set_sys_clock_pll
 .text.check_sys_clock_khz
                0x20000698       0x8c CMakeFiles/RPPicoMandelbrot.dir/C_/VSARM/sdk/pico/pico-sdk/src/rp2_common/pico_stdlib/stdlib.c.obj
                0x20000698                check_sys_clock_khz
 .text.gpio_set_function
                0x20000724       0x2c CMakeFiles/RPPicoMandelbrot.dir/C_/VSARM/sdk/pico/pico-sdk/src/rp2_common/hardware_gpio/gpio.c.obj
                0x20000724                gpio_set_function
 .text.gpio_init
                0x20000750       0x16 CMakeFiles/RPPicoMandelbrot.dir/C_/VSARM/sdk/pico/pico-sdk/src/rp2_common/hardware_gpio/gpio.c.obj
                0x20000750                gpio_init
 *fill*         0x20000766        0x2 
 .text.hw_claim_lock
                0x20000768       0x18 CMakeFiles/RPPicoMandelbrot.dir/C_/VSARM/sdk/pico/pico-sdk/src/rp2_common/hardware_claim/claim.c.obj
                0x20000768                hw_claim_lock
 .text.hw_claim_unlock
                0x20000780       0x14 CMakeFiles/RPPicoMandelbrot.dir/C_/VSARM/sdk/pico/pico-sdk/src/rp2_common/hardware_claim/claim.c.obj
                0x20000780                hw_claim_unlock
 .text.hw_is_claimed
                0x20000794       0x16 CMakeFiles/RPPicoMandelbrot.dir/C_/VSARM/sdk/pico/pico-sdk/src/rp2_common/hardware_claim/claim.c.obj
                0x20000794                hw_is_claimed
 .text.hw_claim_or_assert
                0x200007aa       0x3a CMakeFiles/RPPicoMandelbrot.dir/C_/VSARM/sdk/pico/pico-sdk/src/rp2_common/hardware_claim/claim.c.obj
                0x200007aa                hw_claim_or_assert
 .text.hw_claim_unused_from_range
                0x200007e4       0x54 CMakeFiles/RPPicoMandelbrot.dir/C_/VSARM/sdk/pico/pico-sdk/src/rp2_common/hardware_claim/claim.c.obj
                0x200007e4                hw_claim_unused_from_range
 .text.running_on_fpga
                0x20000838       0x10 CMakeFiles/RPPicoMandelbrot.dir/C_/VSARM/sdk/pico/pico-sdk/src/rp2_common/pico_platform/platform.c.obj
                0x20000838                running_on_fpga
 .text.spin_locks_reset
                0x20000848       0x1c CMakeFiles/RPPicoMandelbrot.dir/C_/VSARM/sdk/pico/pico-sdk/src/rp2_common/hardware_sync/sync.c.obj
                0x20000848                spin_locks_reset
 .text.next_striped_spin_lock_num
                0x20000864       0x18 CMakeFiles/RPPicoMandelbrot.dir/C_/VSARM/sdk/pico/pico-sdk/src/rp2_common/hardware_sync/sync.c.obj
                0x20000864                next_striped_spin_lock_num
 .text.spin_lock_claim_unused
                0x2000087c       0x1c CMakeFiles/RPPicoMandelbrot.dir/C_/VSARM/sdk/pico/pico-sdk/src/rp2_common/hardware_sync/sync.c.obj
                0x2000087c                spin_lock_claim_unused
 .text.time_reached
                0x20000898       0x28 CMakeFiles/RPPicoMandelbrot.dir/C_/VSARM/sdk/pico/pico-sdk/src/common/pico_time/time.c.obj
 .text.alarm_pool_post_alloc_init
                0x200008c0       0x3c CMakeFiles/RPPicoMandelbrot.dir/C_/VSARM/sdk/pico/pico-sdk/src/common/pico_time/time.c.obj
 .text.sleep_until_callback
                0x200008fc       0x30 CMakeFiles/RPPicoMandelbrot.dir/C_/VSARM/sdk/pico/pico-sdk/src/common/pico_time/time.c.obj
 .text.get_entry
                0x2000092c       0x38 CMakeFiles/RPPicoMandelbrot.dir/C_/VSARM/sdk/pico/pico-sdk/src/common/pico_time/time.c.obj
 .text.timer_pool_entry_comparator
                0x20000964       0x2e CMakeFiles/RPPicoMandelbrot.dir/C_/VSARM/sdk/pico/pico-sdk/src/common/pico_time/time.c.obj
                0x20000964                timer_pool_entry_comparator
 *fill*         0x20000992        0x2 
 .text.update_us_since_boot.part.0
                0x20000994       0x1c CMakeFiles/RPPicoMandelbrot.dir/C_/VSARM/sdk/pico/pico-sdk/src/common/pico_time/time.c.obj
 .text.get_absolute_time
                0x200009b0       0x18 CMakeFiles/RPPicoMandelbrot.dir/C_/VSARM/sdk/pico/pico-sdk/src/common/pico_time/time.c.obj
 .text.ph_get_node
                0x200009c8       0x34 CMakeFiles/RPPicoMandelbrot.dir/C_/VSARM/sdk/pico/pico-sdk/src/common/pico_time/time.c.obj
 .text.ph_contains_node
                0x200009fc       0x18 CMakeFiles/RPPicoMandelbrot.dir/C_/VSARM/sdk/pico/pico-sdk/src/common/pico_time/time.c.obj
 .text.ph_add_child_node
                0x20000a14       0x64 CMakeFiles/RPPicoMandelbrot.dir/C_/VSARM/sdk/pico/pico-sdk/src/common/pico_time/time.c.obj
 .text.add_alarm_under_lock
                0x20000a78       0xe4 CMakeFiles/RPPicoMandelbrot.dir/C_/VSARM/sdk/pico/pico-sdk/src/common/pico_time/time.c.obj
 .text.get_entry_id_high
                0x20000b5c       0x30 CMakeFiles/RPPicoMandelbrot.dir/C_/VSARM/sdk/pico/pico-sdk/src/common/pico_time/time.c.obj
 .text.alarm_pool_alarm_callback
                0x20000b8c      0x208 CMakeFiles/RPPicoMandelbrot.dir/C_/VSARM/sdk/pico/pico-sdk/src/common/pico_time/time.c.obj
 .text.alarm_pool_init_default
                0x20000d94       0x34 CMakeFiles/RPPicoMandelbrot.dir/C_/VSARM/sdk/pico/pico-sdk/src/common/pico_time/time.c.obj
                0x20000d94                alarm_pool_init_default
 .text.alarm_pool_get_default
                0x20000dc8       0x28 CMakeFiles/RPPicoMandelbrot.dir/C_/VSARM/sdk/pico/pico-sdk/src/common/pico_time/time.c.obj
                0x20000dc8                alarm_pool_get_default
 .text.alarm_pool_add_alarm_at
                0x20000df0       0xe4 CMakeFiles/RPPicoMandelbrot.dir/C_/VSARM/sdk/pico/pico-sdk/src/common/pico_time/time.c.obj
                0x20000df0                alarm_pool_add_alarm_at
 .text.alarm_pool_cancel_alarm
                0x20000ed4       0x90 CMakeFiles/RPPicoMandelbrot.dir/C_/VSARM/sdk/pico/pico-sdk/src/common/pico_time/time.c.obj
                0x20000ed4                alarm_pool_cancel_alarm
 .text.sleep_until
                0x20000f64       0xb8 CMakeFiles/RPPicoMandelbrot.dir/C_/VSARM/sdk/pico/pico-sdk/src/common/pico_time/time.c.obj
                0x20000f64                sleep_until
 .text.sleep_us
                0x2000101c       0x30 CMakeFiles/RPPicoMandelbrot.dir/C_/VSARM/sdk/pico/pico-sdk/src/common/pico_time/time.c.obj
                0x2000101c                sleep_us
 .text.sleep_ms
                0x2000104c       0x14 CMakeFiles/RPPicoMandelbrot.dir/C_/VSARM/sdk/pico/pico-sdk/src/common/pico_time/time.c.obj
                0x2000104c                sleep_ms
 .text.best_effort_wfe_or_timeout
                0x20001060       0x40 CMakeFiles/RPPicoMandelbrot.dir/C_/VSARM/sdk/pico/pico-sdk/src/common/pico_time/time.c.obj
                0x20001060                best_effort_wfe_or_timeout
 .text.hardware_alarm_irq_handler
                0x200010a0       0x90 CMakeFiles/RPPicoMandelbrot.dir/C_/VSARM/sdk/pico/pico-sdk/src/rp2_common/hardware_timer/timer.c.obj
 .text.hardware_alarm_claim
                0x20001130       0x18 CMakeFiles/RPPicoMandelbrot.dir/C_/VSARM/sdk/pico/pico-sdk/src/rp2_common/hardware_timer/timer.c.obj
                0x20001130                hardware_alarm_claim
 .text.time_us_64
                0x20001148       0x14 CMakeFiles/RPPicoMandelbrot.dir/C_/VSARM/sdk/pico/pico-sdk/src/rp2_common/hardware_timer/timer.c.obj
                0x20001148                time_us_64
 .text.busy_wait_until
                0x2000115c       0x1c CMakeFiles/RPPicoMandelbrot.dir/C_/VSARM/sdk/pico/pico-sdk/src/rp2_common/hardware_timer/timer.c.obj
                0x2000115c                busy_wait_until
 .text.hardware_alarm_set_callback
                0x20001178       0x94 CMakeFiles/RPPicoMandelbrot.dir/C_/VSARM/sdk/pico/pico-sdk/src/rp2_common/hardware_timer/timer.c.obj
                0x20001178                hardware_alarm_set_callback
 .text.hardware_alarm_set_target
                0x2000120c       0xe4 CMakeFiles/RPPicoMandelbrot.dir/C_/VSARM/sdk/pico/pico-sdk/src/rp2_common/hardware_timer/timer.c.obj
                0x2000120c                hardware_alarm_set_target
 .text.hardware_alarm_cancel
                0x200012f0       0x40 CMakeFiles/RPPicoMandelbrot.dir/C_/VSARM/sdk/pico/pico-sdk/src/rp2_common/hardware_timer/timer.c.obj
                0x200012f0                hardware_alarm_cancel
 .text.lock_init
                0x20001330       0x10 CMakeFiles/RPPicoMandelbrot.dir/C_/VSARM/sdk/pico/pico-sdk/src/common/pico_sync/lock_core.c.obj
                0x20001330                lock_init
 .text.update_us_since_boot.part.0
                0x20001340       0x1c CMakeFiles/RPPicoMandelbrot.dir/C_/VSARM/sdk/pico/pico-sdk/src/common/pico_sync/mutex.c.obj
 .text.make_timeout_time_ms
                0x2000135c       0x3c CMakeFiles/RPPicoMandelbrot.dir/C_/VSARM/sdk/pico/pico-sdk/src/common/pico_sync/mutex.c.obj
 .text.mutex_init
                0x20001398       0x1a CMakeFiles/RPPicoMandelbrot.dir/C_/VSARM/sdk/pico/pico-sdk/src/common/pico_sync/mutex.c.obj
                0x20001398                mutex_init
 .text.recursive_mutex_init
                0x200013b2       0x1a CMakeFiles/RPPicoMandelbrot.dir/C_/VSARM/sdk/pico/pico-sdk/src/common/pico_sync/mutex.c.obj
                0x200013b2                recursive_mutex_init
 .text.critical_section_init_with_lock_num
                0x200013cc       0x14 CMakeFiles/RPPicoMandelbrot.dir/C_/VSARM/sdk/pico/pico-sdk/src/common/pico_sync/critical_section.c.obj
                0x200013cc                critical_section_init_with_lock_num
 .text.critical_section_init
                0x200013e0       0x14 CMakeFiles/RPPicoMandelbrot.dir/C_/VSARM/sdk/pico/pico-sdk/src/common/pico_sync/critical_section.c.obj
                0x200013e0                critical_section_init
 .text.ph_get_node
                0x200013f4       0x34 CMakeFiles/RPPicoMandelbrot.dir/C_/VSARM/sdk/pico/pico-sdk/src/common/pico_util/pheap.c.obj
 .text.ph_add_child_node
                0x20001428       0x64 CMakeFiles/RPPicoMandelbrot.dir/C_/VSARM/sdk/pico/pico-sdk/src/common/pico_util/pheap.c.obj
 .text.ph_merge_nodes
                0x2000148c       0x36 CMakeFiles/RPPicoMandelbrot.dir/C_/VSARM/sdk/pico/pico-sdk/src/common/pico_util/pheap.c.obj
 .text.ph_clear
                0x200014c2       0x32 CMakeFiles/RPPicoMandelbrot.dir/C_/VSARM/sdk/pico/pico-sdk/src/common/pico_util/pheap.c.obj
                0x200014c2                ph_clear
 .text.ph_post_alloc_init
                0x200014f4        0xe CMakeFiles/RPPicoMandelbrot.dir/C_/VSARM/sdk/pico/pico-sdk/src/common/pico_util/pheap.c.obj
                0x200014f4                ph_post_alloc_init
 .text.ph_merge_two_pass
                0x20001502       0x50 CMakeFiles/RPPicoMandelbrot.dir/C_/VSARM/sdk/pico/pico-sdk/src/common/pico_util/pheap.c.obj
                0x20001502                ph_merge_two_pass
 *fill*         0x20001552        0x2 
 .text.ph_remove_any_head
                0x20001554       0x8c CMakeFiles/RPPicoMandelbrot.dir/C_/VSARM/sdk/pico/pico-sdk/src/common/pico_util/pheap.c.obj
 .text.ph_remove_head
                0x200015e0       0x14 CMakeFiles/RPPicoMandelbrot.dir/C_/VSARM/sdk/pico/pico-sdk/src/common/pico_util/pheap.c.obj
                0x200015e0                ph_remove_head
 .text.ph_remove_and_free_node
                0x200015f4       0x98 CMakeFiles/RPPicoMandelbrot.dir/C_/VSARM/sdk/pico/pico-sdk/src/common/pico_util/pheap.c.obj
                0x200015f4                ph_remove_and_free_node
 .text.exit     0x2000168c        0x4 CMakeFiles/RPPicoMandelbrot.dir/C_/VSARM/sdk/pico/pico-sdk/src/rp2_common/pico_runtime/runtime.c.obj
                0x2000168c                exit
 .text.__assert_func
                0x20001690       0x30 CMakeFiles/RPPicoMandelbrot.dir/C_/VSARM/sdk/pico/pico-sdk/src/rp2_common/pico_runtime/runtime.c.obj
                0x20001690                __assert_func
 .text.runtime_init
                0x200016c0       0xd8 CMakeFiles/RPPicoMandelbrot.dir/C_/VSARM/sdk/pico/pico-sdk/src/rp2_common/pico_runtime/runtime.c.obj
                0x200016c0                runtime_init
 .text.panic    0x20001798       0x2c CMakeFiles/RPPicoMandelbrot.dir/C_/VSARM/sdk/pico/pico-sdk/src/rp2_common/pico_runtime/runtime.c.obj
                0x20001798                panic
 .text.clock_configure
                0x200017c4       0xe8 CMakeFiles/RPPicoMandelbrot.dir/C_/VSARM/sdk/pico/pico-sdk/src/rp2_common/hardware_clocks/clocks.c.obj
                0x200017c4                clock_configure
 .text.clocks_init
                0x200018ac       0xf0 CMakeFiles/RPPicoMandelbrot.dir/C_/VSARM/sdk/pico/pico-sdk/src/rp2_common/hardware_clocks/clocks.c.obj
                0x200018ac                clocks_init
 .text.clock_get_hz
                0x2000199c        0xc CMakeFiles/RPPicoMandelbrot.dir/C_/VSARM/sdk/pico/pico-sdk/src/rp2_common/hardware_clocks/clocks.c.obj
                0x2000199c                clock_get_hz
 .text.set_raw_irq_handler_and_unlock
                0x200019a8       0x28 CMakeFiles/RPPicoMandelbrot.dir/C_/VSARM/sdk/pico/pico-sdk/src/rp2_common/hardware_irq/irq.c.obj
 .text.resolve_branch
                0x200019d0       0x30 CMakeFiles/RPPicoMandelbrot.dir/C_/VSARM/sdk/pico/pico-sdk/src/rp2_common/hardware_irq/irq.c.obj
 .text.make_branch
                0x20001a00       0x30 CMakeFiles/RPPicoMandelbrot.dir/C_/VSARM/sdk/pico/pico-sdk/src/rp2_common/hardware_irq/irq.c.obj
 .text.irq_is_enabled
                0x20001a30       0x18 CMakeFiles/RPPicoMandelbrot.dir/C_/VSARM/sdk/pico/pico-sdk/src/rp2_common/hardware_irq/irq.c.obj
                0x20001a30                irq_is_enabled
 .text.irq_set_mask_enabled
                0x20001a48       0x20 CMakeFiles/RPPicoMandelbrot.dir/C_/VSARM/sdk/pico/pico-sdk/src/rp2_common/hardware_irq/irq.c.obj
                0x20001a48                irq_set_mask_enabled
 .text.irq_set_enabled
                0x20001a68        0xe CMakeFiles/RPPicoMandelbrot.dir/C_/VSARM/sdk/pico/pico-sdk/src/rp2_common/hardware_irq/irq.c.obj
                0x20001a68                irq_set_enabled
 *fill*         0x20001a76        0x2 
 .text.irq_set_pending
                0x20001a78       0x10 CMakeFiles/RPPicoMandelbrot.dir/C_/VSARM/sdk/pico/pico-sdk/src/rp2_common/hardware_irq/irq.c.obj
                0x20001a78                irq_set_pending
 .text.irq_get_vtable_handler
                0x20001a88       0x10 CMakeFiles/RPPicoMandelbrot.dir/C_/VSARM/sdk/pico/pico-sdk/src/rp2_common/hardware_irq/irq.c.obj
                0x20001a88                irq_get_vtable_handler
 .text.irq_set_exclusive_handler
                0x20001a98       0x54 CMakeFiles/RPPicoMandelbrot.dir/C_/VSARM/sdk/pico/pico-sdk/src/rp2_common/hardware_irq/irq.c.obj
                0x20001a98                irq_set_exclusive_handler
 .text.irq_remove_handler
                0x20001aec      0x18c CMakeFiles/RPPicoMandelbrot.dir/C_/VSARM/sdk/pico/pico-sdk/src/rp2_common/hardware_irq/irq.c.obj
                0x20001aec                irq_remove_handler
 .text.irq_add_tail_to_free_list
                0x20001c78       0xdc CMakeFiles/RPPicoMandelbrot.dir/C_/VSARM/sdk/pico/pico-sdk/src/rp2_common/hardware_irq/irq.c.obj
                0x20001c78                irq_add_tail_to_free_list
 .text.irq_init_priorities
                0x20001d54       0x24 CMakeFiles/RPPicoMandelbrot.dir/C_/VSARM/sdk/pico/pico-sdk/src/rp2_common/hardware_irq/irq.c.obj
                0x20001d54                irq_init_priorities
 .text.pll_init
                0x20001d78       0xf8 CMakeFiles/RPPicoMandelbrot.dir/C_/VSARM/sdk/pico/pico-sdk/src/rp2_common/hardware_pll/pll.c.obj
                0x20001d78                pll_init
 .text.watchdog_start_tick
                0x20001e70       0x10 CMakeFiles/RPPicoMandelbrot.dir/C_/VSARM/sdk/pico/pico-sdk/src/rp2_common/hardware_watchdog/watchdog.c.obj
                0x20001e70                watchdog_start_tick
 .text.watchdog_update
                0x20001e80       0x14 CMakeFiles/RPPicoMandelbrot.dir/C_/VSARM/sdk/pico/pico-sdk/src/rp2_common/hardware_watchdog/watchdog.c.obj
                0x20001e80                watchdog_update
 .text._watchdog_enable
                0x20001e94       0x68 CMakeFiles/RPPicoMandelbrot.dir/C_/VSARM/sdk/pico/pico-sdk/src/rp2_common/hardware_watchdog/watchdog.c.obj
                0x20001e94                _watchdog_enable
 .text.watchdog_reboot
                0x20001efc       0x44 CMakeFiles/RPPicoMandelbrot.dir/C_/VSARM/sdk/pico/pico-sdk/src/rp2_common/hardware_watchdog/watchdog.c.obj
                0x20001efc                watchdog_reboot
 .text.xosc_init
                0x20001f40       0x28 CMakeFiles/RPPicoMandelbrot.dir/C_/VSARM/sdk/pico/pico-sdk/src/rp2_common/hardware_xosc/xosc.c.obj
                0x20001f40                xosc_init
 .text._out_null
                0x20001f68        0x2 CMakeFiles/RPPicoMandelbrot.dir/C_/VSARM/sdk/pico/pico-sdk/src/rp2_common/pico_printf/printf.c.obj
 .text._out_rev
                0x20001f6a       0x7a CMakeFiles/RPPicoMandelbrot.dir/C_/VSARM/sdk/pico/pico-sdk/src/rp2_common/pico_printf/printf.c.obj
 .text._ntoa_format
                0x20001fe4       0xf0 CMakeFiles/RPPicoMandelbrot.dir/C_/VSARM/sdk/pico/pico-sdk/src/rp2_common/pico_printf/printf.c.obj
 .text._ntoa_long
                0x200020d4       0x94 CMakeFiles/RPPicoMandelbrot.dir/C_/VSARM/sdk/pico/pico-sdk/src/rp2_common/pico_printf/printf.c.obj
 .text._ntoa_long_long
                0x20002168       0xbe CMakeFiles/RPPicoMandelbrot.dir/C_/VSARM/sdk/pico/pico-sdk/src/rp2_common/pico_printf/printf.c.obj
 *fill*         0x20002226        0x2 
 .text._etoa    0x20002228      0x3e0 CMakeFiles/RPPicoMandelbrot.dir/C_/VSARM/sdk/pico/pico-sdk/src/rp2_common/pico_printf/printf.c.obj
 .text._ftoa    0x20002608      0x318 CMakeFiles/RPPicoMandelbrot.dir/C_/VSARM/sdk/pico/pico-sdk/src/rp2_common/pico_printf/printf.c.obj
 .text._out_fct
                0x20002920        0xe CMakeFiles/RPPicoMandelbrot.dir/C_/VSARM/sdk/pico/pico-sdk/src/rp2_common/pico_printf/printf.c.obj
 *fill*         0x2000292e        0x2 
 .text._vsnprintf
                0x20002930      0x548 CMakeFiles/RPPicoMandelbrot.dir/C_/VSARM/sdk/pico/pico-sdk/src/rp2_common/pico_printf/printf.c.obj
 .text.vfctprintf
                0x20002e78       0x20 CMakeFiles/RPPicoMandelbrot.dir/C_/VSARM/sdk/pico/pico-sdk/src/rp2_common/pico_printf/printf.c.obj
                0x20002e78                vfctprintf
 .text          0x20002e98       0x10 CMakeFiles/RPPicoMandelbrot.dir/C_/VSARM/sdk/pico/pico-sdk/src/rp2_common/pico_bit_ops/bit_ops_aeabi.S.obj
 .text.rom_func_lookup
                0x20002ea8       0x10 CMakeFiles/RPPicoMandelbrot.dir/C_/VSARM/sdk/pico/pico-sdk/src/rp2_common/pico_bootrom/bootrom.c.obj
                0x20002ea8                rom_func_lookup
 .text.rom_data_lookup
                0x20002eb8       0x10 CMakeFiles/RPPicoMandelbrot.dir/C_/VSARM/sdk/pico/pico-sdk/src/rp2_common/pico_bootrom/bootrom.c.obj
                0x20002eb8                rom_data_lookup
 .text.rom_funcs_lookup
                0x20002ec8       0x26 CMakeFiles/RPPicoMandelbrot.dir/C_/VSARM/sdk/pico/pico-sdk/src/rp2_common/pico_bootrom/bootrom.c.obj
                0x20002ec8                rom_funcs_lookup
 *fill*         0x20002eee        0x2 
 .text.__wrap___aeabi_idiv
                0x20002ef0       0x50 CMakeFiles/RPPicoMandelbrot.dir/C_/VSARM/sdk/pico/pico-sdk/src/rp2_common/pico_divider/divider.S.obj
                0x20002ef0                __wrap___aeabi_idivmod
                0x20002ef0                divmod_s32s32
                0x20002ef0                div_s32s32
                0x20002ef0                __wrap___aeabi_idiv
                0x20002ef8                divmod_s32s32_unsafe
                0x20002f24                divmod_s32s32_savestate
 .text.__wrap___aeabi_uidiv
                0x20002f40       0x4c CMakeFiles/RPPicoMandelbrot.dir/C_/VSARM/sdk/pico/pico-sdk/src/rp2_common/pico_divider/divider.S.obj
                0x20002f40                __wrap___aeabi_uidiv
                0x20002f40                __wrap___aeabi_uidivmod
                0x20002f40                div_u32u32
                0x20002f40                divmod_u32u32
                0x20002f48                divmod_u32u32_unsafe
                0x20002f70                divmod_u32u32_savestate
 .text.__wrap___aeabi_ldiv
                0x20002f8c      0x434 CMakeFiles/RPPicoMandelbrot.dir/C_/VSARM/sdk/pico/pico-sdk/src/rp2_common/pico_divider/divider.S.obj
                0x20002f8c                div_s64s64
                0x20002f8c                divmod_s64s64
                0x20002f8c                __wrap___aeabi_ldivmod
                0x20002fc4                divmod_u64u64
                0x20002fc4                div_u64u64
                0x20002fc4                __wrap___aeabi_uldivmod
                0x20002fd4                divmod_u64u64_savestate
                0x20002ffc                divmod_s64s64_unsafe
                0x20003084                divmod_u64u64_unsafe
 .text.__wrap___aeabi_darithmetic
                0x200033c0       0x80 CMakeFiles/RPPicoMandelbrot.dir/C_/VSARM/sdk/pico/pico-sdk/src/rp2_common/pico_double/double_aeabi.S.obj
                0x200033c0                __wrap___aeabi_drsub
                0x200033c6                __wrap___aeabi_dsub
                0x200033d8                __wrap___aeabi_dadd
                0x200033ea                __wrap___aeabi_ddiv
                0x20003426                __wrap___aeabi_dmul
 .text.__wrap___aeabi_cdcmple
                0x20003440       0x6c CMakeFiles/RPPicoMandelbrot.dir/C_/VSARM/sdk/pico/pico-sdk/src/rp2_common/pico_double/double_aeabi.S.obj
                0x20003440                __wrap___aeabi_cdrcmple
                0x20003450                __wrap___aeabi_cdcmpeq
                0x20003450                __wrap___aeabi_cdcmple
 .text.__wrap___aeabi_dcmplt
                0x200034ac        0xc CMakeFiles/RPPicoMandelbrot.dir/C_/VSARM/sdk/pico/pico-sdk/src/rp2_common/pico_double/double_aeabi.S.obj
                0x200034ac                __wrap___aeabi_dcmplt
 .text.__wrap___aeabi_dcmple
                0x200034b8       0x10 CMakeFiles/RPPicoMandelbrot.dir/C_/VSARM/sdk/pico/pico-sdk/src/rp2_common/pico_double/double_aeabi.S.obj
                0x200034b8                __wrap___aeabi_dcmple
 .text.__wrap___aeabi_dcmpge
                0x200034c8       0x10 CMakeFiles/RPPicoMandelbrot.dir/C_/VSARM/sdk/pico/pico-sdk/src/rp2_common/pico_double/double_aeabi.S.obj
                0x200034c8                __wrap___aeabi_dcmpge
 .text.__wrap___aeabi_dcmpgt
                0x200034d8        0xa CMakeFiles/RPPicoMandelbrot.dir/C_/VSARM/sdk/pico/pico-sdk/src/rp2_common/pico_double/double_aeabi.S.obj
                0x200034d8                __wrap___aeabi_dcmpgt
 .text.__wrap___aeabi_dcmpun
                0x200034e2       0x1c CMakeFiles/RPPicoMandelbrot.dir/C_/VSARM/sdk/pico/pico-sdk/src/rp2_common/pico_double/double_aeabi.S.obj
                0x200034e2                __wrap___aeabi_dcmpun
 *fill*         0x200034fe        0x2 
 .text.__wrap___aeabi_i2d
                0x20003500       0x38 CMakeFiles/RPPicoMandelbrot.dir/C_/VSARM/sdk/pico/pico-sdk/src/rp2_common/pico_double/double_aeabi.S.obj
                0x20003500                __wrap___aeabi_ui2d
                0x20003508                __wrap___aeabi_i2d
 .text.__wrap___aeabi_d2iz
                0x20003538       0x48 CMakeFiles/RPPicoMandelbrot.dir/C_/VSARM/sdk/pico/pico-sdk/src/rp2_common/pico_double/double_aeabi.S.obj
                0x20003538                double2int_z
                0x20003538                __wrap___aeabi_d2iz
 .text.__wrap___aeabi_d2uiz
                0x20003580       0x18 CMakeFiles/RPPicoMandelbrot.dir/C_/VSARM/sdk/pico/pico-sdk/src/rp2_common/pico_double/double_aeabi.S.obj
                0x20003580                __wrap___aeabi_d2uiz
                0x20003580                double2uint
 .text.__aeabi_double_init
                0x20003598       0xc0 CMakeFiles/RPPicoMandelbrot.dir/C_/VSARM/sdk/pico/pico-sdk/src/rp2_common/pico_double/double_init_rom.c.obj
                0x20003598                __aeabi_double_init
 .text.double_table_shim_on_use_helper
                0x20003658       0x34 CMakeFiles/RPPicoMandelbrot.dir/C_/VSARM/sdk/pico/pico-sdk/src/rp2_common/pico_double/double_v1_rom_shim.S.obj
                0x20003658                double_table_shim_on_use_helper
 .text.__wrap___aeabi_dsub
                0x2000368c       0x10 CMakeFiles/RPPicoMandelbrot.dir/C_/VSARM/sdk/pico/pico-sdk/src/rp2_common/pico_double/double_v1_rom_shim.S.obj
                0x2000368c                drsub_shim
                0x20003692                dsub_shim
 .text.dadd_shim
                0x2000369c      0x15c CMakeFiles/RPPicoMandelbrot.dir/C_/VSARM/sdk/pico/pico-sdk/src/rp2_common/pico_double/double_v1_rom_shim.S.obj
                0x2000369c                dadd_shim
 .text.dmul_shim
                0x200037f8      0x15c CMakeFiles/RPPicoMandelbrot.dir/C_/VSARM/sdk/pico/pico-sdk/src/rp2_common/pico_double/double_v1_rom_shim.S.obj
                0x200037f8                dmul_shim
 .text.ddiv_shim
                0x20003954      0x1b0 CMakeFiles/RPPicoMandelbrot.dir/C_/VSARM/sdk/pico/pico-sdk/src/rp2_common/pico_double/double_v1_rom_shim.S.obj
                0x20003954                ddiv_shim
 .text.double2uint_shim
                0x20003b04        0xe CMakeFiles/RPPicoMandelbrot.dir/C_/VSARM/sdk/pico/pico-sdk/src/rp2_common/pico_double/double_v1_rom_shim.S.obj
                0x20003b04                double2uint_shim
                0x20003b06                double2ufix_shim
 *fill*         0x20003b12        0x2 
 .text.double2uint64_shim
                0x20003b14       0x70 CMakeFiles/RPPicoMandelbrot.dir/C_/VSARM/sdk/pico/pico-sdk/src/rp2_common/pico_double/double_v1_rom_shim.S.obj
                0x20003b14                double2uint64_shim
                0x20003b16                double2ufix64_shim
                0x20003b36                d2fix_a
 .text.dunpacks
                0x20003b84       0x3c CMakeFiles/RPPicoMandelbrot.dir/C_/VSARM/sdk/pico/pico-sdk/src/rp2_common/pico_double/double_v1_rom_shim.S.obj
                0x20003b84                dunpacks
 .text.__aeabi_lmul
                0x20003bc0       0x32 CMakeFiles/RPPicoMandelbrot.dir/C_/VSARM/sdk/pico/pico-sdk/src/rp2_common/pico_int64_ops/pico_int64_ops_aeabi.S.obj
                0x20003bc0                __wrap___aeabi_lmul
 *fill*         0x20003bf2        0x2 
 .text.__wrap___aeabi_f2d
                0x20003bf4       0x14 CMakeFiles/RPPicoMandelbrot.dir/C_/VSARM/sdk/pico/pico-sdk/src/rp2_common/pico_float/float_aeabi.S.obj
                0x20003bf4                __wrap___aeabi_f2d
 .text.__aeabi_float_init
                0x20003c08       0xf0 CMakeFiles/RPPicoMandelbrot.dir/C_/VSARM/sdk/pico/pico-sdk/src/rp2_common/pico_float/float_init_rom.c.obj
                0x20003c08                __aeabi_float_init
 .text.float_table_shim_on_use_helper
                0x20003cf8       0x34 CMakeFiles/RPPicoMandelbrot.dir/C_/VSARM/sdk/pico/pico-sdk/src/rp2_common/pico_float/float_v1_rom_shim.S.obj
                0x20003cf8                float_table_shim_on_use_helper
 .text.float2double_shim
                0x20003d2c       0x30 CMakeFiles/RPPicoMandelbrot.dir/C_/VSARM/sdk/pico/pico-sdk/src/rp2_common/pico_float/float_v1_rom_shim.S.obj
                0x20003d2c                float2double_shim
 .text          0x20003d5c       0x10 CMakeFiles/RPPicoMandelbrot.dir/C_/VSARM/sdk/pico/pico-sdk/src/rp2_common/pico_mem_ops/mem_ops_aeabi.S.obj
                0x20003d5c                __aeabi_mem_init
 .text.memset   0x20003d6c        0xc CMakeFiles/RPPicoMandelbrot.dir/C_/VSARM/sdk/pico/pico-sdk/src/rp2_common/pico_mem_ops/mem_ops_aeabi.S.obj
                0x20003d6c                __wrap_memset
 .text.memcpy   0x20003d78        0xc CMakeFiles/RPPicoMandelbrot.dir/C_/VSARM/sdk/pico/pico-sdk/src/rp2_common/pico_mem_ops/mem_ops_aeabi.S.obj
                0x20003d78                __wrap_memcpy
                0x20003d78                __wrap___aeabi_memcpy
 .text.stdio_out_chars_no_crlf
                0x20003d84        0xe CMakeFiles/RPPicoMandelbrot.dir/C_/VSARM/sdk/pico/pico-sdk/src/rp2_common/pico_stdio/stdio.c.obj
 *fill*         0x20003d92        0x2 
 .text.stdio_out_chars_crlf
                0x20003d94       0x80 CMakeFiles/RPPicoMandelbrot.dir/C_/VSARM/sdk/pico/pico-sdk/src/rp2_common/pico_stdio/stdio.c.obj
 .text.stdio_stack_buffer_flush.part.0
                0x20003e14       0x38 CMakeFiles/RPPicoMandelbrot.dir/C_/VSARM/sdk/pico/pico-sdk/src/rp2_common/pico_stdio/stdio.c.obj
 .text.stdio_buffered_printer
                0x20003e4c       0x1e CMakeFiles/RPPicoMandelbrot.dir/C_/VSARM/sdk/pico/pico-sdk/src/rp2_common/pico_stdio/stdio.c.obj
 *fill*         0x20003e6a        0x2 
 .text.stdout_serialize_begin
                0x20003e6c       0x2c CMakeFiles/RPPicoMandelbrot.dir/C_/VSARM/sdk/pico/pico-sdk/src/rp2_common/pico_stdio/stdio.c.obj
                0x20003e6c                stdout_serialize_begin
 .text.stdout_serialize_end
                0x20003e98       0x10 CMakeFiles/RPPicoMandelbrot.dir/C_/VSARM/sdk/pico/pico-sdk/src/rp2_common/pico_stdio/stdio.c.obj
                0x20003e98                stdout_serialize_end
 .text.stdio_put_string.isra.0
                0x20003ea8       0x80 CMakeFiles/RPPicoMandelbrot.dir/C_/VSARM/sdk/pico/pico-sdk/src/rp2_common/pico_stdio/stdio.c.obj
 .text.stdio_set_driver_enabled
                0x20003f28       0x38 CMakeFiles/RPPicoMandelbrot.dir/C_/VSARM/sdk/pico/pico-sdk/src/rp2_common/pico_stdio/stdio.c.obj
                0x20003f28                stdio_set_driver_enabled
 .text.stdio_flush
                0x20003f60       0x1c CMakeFiles/RPPicoMandelbrot.dir/C_/VSARM/sdk/pico/pico-sdk/src/rp2_common/pico_stdio/stdio.c.obj
                0x20003f60                stdio_flush
 .text.__wrap_puts
                0x20003f7c       0x1e CMakeFiles/RPPicoMandelbrot.dir/C_/VSARM/sdk/pico/pico-sdk/src/rp2_common/pico_stdio/stdio.c.obj
                0x20003f7c                __wrap_puts
 *fill*         0x20003f9a        0x2 
 .text.__wrap_vprintf
                0x20003f9c       0x48 CMakeFiles/RPPicoMandelbrot.dir/C_/VSARM/sdk/pico/pico-sdk/src/rp2_common/pico_stdio/stdio.c.obj
                0x20003f9c                __wrap_vprintf
 .text.__wrap_printf
                0x20003fe4       0x16 CMakeFiles/RPPicoMandelbrot.dir/C_/VSARM/sdk/pico/pico-sdk/src/rp2_common/pico_stdio/stdio.c.obj
                0x20003fe4                __wrap_printf
 .text.stdio_init_all
                0x20003ffa        0x8 CMakeFiles/RPPicoMandelbrot.dir/C_/VSARM/sdk/pico/pico-sdk/src/rp2_common/pico_stdio/stdio.c.obj
                0x20003ffa                stdio_init_all
 .text.resetd_init
                0x20004002        0x2 CMakeFiles/RPPicoMandelbrot.dir/C_/VSARM/sdk/pico/pico-sdk/src/rp2_common/pico_stdio_usb/reset_interface.c.obj
 .text.resetd_reset
                0x20004004        0xc CMakeFiles/RPPicoMandelbrot.dir/C_/VSARM/sdk/pico/pico-sdk/src/rp2_common/pico_stdio_usb/reset_interface.c.obj
 .text.resetd_open
                0x20004010       0x28 CMakeFiles/RPPicoMandelbrot.dir/C_/VSARM/sdk/pico/pico-sdk/src/rp2_common/pico_stdio_usb/reset_interface.c.obj
 .text.resetd_xfer_cb
                0x20004038        0x4 CMakeFiles/RPPicoMandelbrot.dir/C_/VSARM/sdk/pico/pico-sdk/src/rp2_common/pico_stdio_usb/reset_interface.c.obj
 .text.resetd_control_xfer_cb
                0x2000403c       0x58 CMakeFiles/RPPicoMandelbrot.dir/C_/VSARM/sdk/pico/pico-sdk/src/rp2_common/pico_stdio_usb/reset_interface.c.obj
 .text.usbd_app_driver_get_cb
                0x20004094        0xc CMakeFiles/RPPicoMandelbrot.dir/C_/VSARM/sdk/pico/pico-sdk/src/rp2_common/pico_stdio_usb/reset_interface.c.obj
                0x20004094                usbd_app_driver_get_cb
 .text.tud_cdc_line_coding_cb
                0x200040a0       0x34 CMakeFiles/RPPicoMandelbrot.dir/C_/VSARM/sdk/pico/pico-sdk/src/rp2_common/pico_stdio_usb/reset_interface.c.obj
                0x200040a0                tud_cdc_line_coding_cb
 .text.stdio_usb_in_chars
                0x200040d4       0x64 CMakeFiles/RPPicoMandelbrot.dir/C_/VSARM/sdk/pico/pico-sdk/src/rp2_common/pico_stdio_usb/stdio_usb.c.obj
                0x200040d4                stdio_usb_in_chars
 .text.timer_task
                0x20004138       0x10 CMakeFiles/RPPicoMandelbrot.dir/C_/VSARM/sdk/pico/pico-sdk/src/rp2_common/pico_stdio_usb/stdio_usb.c.obj
 .text.low_priority_worker_irq
                0x20004148       0x20 CMakeFiles/RPPicoMandelbrot.dir/C_/VSARM/sdk/pico/pico-sdk/src/rp2_common/pico_stdio_usb/stdio_usb.c.obj
 .text.update_us_since_boot.part.0
                0x20004168       0x1c CMakeFiles/RPPicoMandelbrot.dir/C_/VSARM/sdk/pico/pico-sdk/src/rp2_common/pico_stdio_usb/stdio_usb.c.obj
 .text.stdio_usb_out_chars
                0x20004184       0xd8 CMakeFiles/RPPicoMandelbrot.dir/C_/VSARM/sdk/pico/pico-sdk/src/rp2_common/pico_stdio_usb/stdio_usb.c.obj
 .text.stdio_usb_init
                0x2000425c       0x84 CMakeFiles/RPPicoMandelbrot.dir/C_/VSARM/sdk/pico/pico-sdk/src/rp2_common/pico_stdio_usb/stdio_usb.c.obj
                0x2000425c                stdio_usb_init
 .text.tud_descriptor_device_cb
                0x200042e0        0x8 CMakeFiles/RPPicoMandelbrot.dir/C_/VSARM/sdk/pico/pico-sdk/src/rp2_common/pico_stdio_usb/stdio_usb_descriptors.c.obj
                0x200042e0                tud_descriptor_device_cb
 .text.tud_descriptor_configuration_cb
                0x200042e8        0x8 CMakeFiles/RPPicoMandelbrot.dir/C_/VSARM/sdk/pico/pico-sdk/src/rp2_common/pico_stdio_usb/stdio_usb_descriptors.c.obj
                0x200042e8                tud_descriptor_configuration_cb
 .text.tud_descriptor_string_cb
                0x200042f0       0x68 CMakeFiles/RPPicoMandelbrot.dir/C_/VSARM/sdk/pico/pico-sdk/src/rp2_common/pico_stdio_usb/stdio_usb_descriptors.c.obj
                0x200042f0                tud_descriptor_string_cb
 .text.hw_endpoint_init
                0x20004358       0xf8 CMakeFiles/RPPicoMandelbrot.dir/C_/VSARM/sdk/pico/pico-sdk/lib/tinyusb/src/portable/raspberrypi/rp2040/dcd_rp2040.c.obj
 .text.reset_non_control_endpoints
                0x20004450       0x3c CMakeFiles/RPPicoMandelbrot.dir/C_/VSARM/sdk/pico/pico-sdk/lib/tinyusb/src/portable/raspberrypi/rp2040/dcd_rp2040.c.obj
 .text.dcd_rp2040_irq
                0x2000448c      0x128 CMakeFiles/RPPicoMandelbrot.dir/C_/VSARM/sdk/pico/pico-sdk/lib/tinyusb/src/portable/raspberrypi/rp2040/dcd_rp2040.c.obj
 .text.dcd_int_enable
                0x200045b4       0x2c CMakeFiles/RPPicoMandelbrot.dir/C_/VSARM/sdk/pico/pico-sdk/lib/tinyusb/src/portable/raspberrypi/rp2040/dcd_rp2040.c.obj
                0x200045b4                dcd_int_enable
 .text.dcd_set_address
                0x200045e0       0x30 CMakeFiles/RPPicoMandelbrot.dir/C_/VSARM/sdk/pico/pico-sdk/lib/tinyusb/src/portable/raspberrypi/rp2040/dcd_rp2040.c.obj
                0x200045e0                dcd_set_address
 .text.dcd_connect
                0x20004610       0x10 CMakeFiles/RPPicoMandelbrot.dir/C_/VSARM/sdk/pico/pico-sdk/lib/tinyusb/src/portable/raspberrypi/rp2040/dcd_rp2040.c.obj
                0x20004610                dcd_connect
 .text.dcd_init
                0x20004620       0x80 CMakeFiles/RPPicoMandelbrot.dir/C_/VSARM/sdk/pico/pico-sdk/lib/tinyusb/src/portable/raspberrypi/rp2040/dcd_rp2040.c.obj
                0x20004620                dcd_init
 .text.dcd_edpt0_status_complete
                0x200046a0       0x18 CMakeFiles/RPPicoMandelbrot.dir/C_/VSARM/sdk/pico/pico-sdk/lib/tinyusb/src/portable/raspberrypi/rp2040/dcd_rp2040.c.obj
                0x200046a0                dcd_edpt0_status_complete
 .text.dcd_edpt_open
                0x200046b8       0x40 CMakeFiles/RPPicoMandelbrot.dir/C_/VSARM/sdk/pico/pico-sdk/lib/tinyusb/src/portable/raspberrypi/rp2040/dcd_rp2040.c.obj
                0x200046b8                dcd_edpt_open
 .text.dcd_edpt_close_all
                0x200046f8        0x8 CMakeFiles/RPPicoMandelbrot.dir/C_/VSARM/sdk/pico/pico-sdk/lib/tinyusb/src/portable/raspberrypi/rp2040/dcd_rp2040.c.obj
                0x200046f8                dcd_edpt_close_all
 .text.dcd_edpt_xfer
                0x20004700       0x44 CMakeFiles/RPPicoMandelbrot.dir/C_/VSARM/sdk/pico/pico-sdk/lib/tinyusb/src/portable/raspberrypi/rp2040/dcd_rp2040.c.obj
                0x20004700                dcd_edpt_xfer
 .text.dcd_edpt_stall
                0x20004744       0x34 CMakeFiles/RPPicoMandelbrot.dir/C_/VSARM/sdk/pico/pico-sdk/lib/tinyusb/src/portable/raspberrypi/rp2040/dcd_rp2040.c.obj
                0x20004744                dcd_edpt_stall
 .text.dcd_edpt_clear_stall
                0x20004778       0x2c CMakeFiles/RPPicoMandelbrot.dir/C_/VSARM/sdk/pico/pico-sdk/lib/tinyusb/src/portable/raspberrypi/rp2040/dcd_rp2040.c.obj
                0x20004778                dcd_edpt_clear_stall
 .text.prepare_ep_buffer
                0x200047a4       0x66 CMakeFiles/RPPicoMandelbrot.dir/C_/VSARM/sdk/pico/pico-sdk/lib/tinyusb/src/portable/raspberrypi/rp2040/rp2040_usb.c.obj
 *fill*         0x2000480a        0x2 
 .text.sync_ep_buffer
                0x2000480c       0x7c CMakeFiles/RPPicoMandelbrot.dir/C_/VSARM/sdk/pico/pico-sdk/lib/tinyusb/src/portable/raspberrypi/rp2040/rp2040_usb.c.obj
 .text.rp2040_usb_init
                0x20004888       0x4c CMakeFiles/RPPicoMandelbrot.dir/C_/VSARM/sdk/pico/pico-sdk/lib/tinyusb/src/portable/raspberrypi/rp2040/rp2040_usb.c.obj
                0x20004888                rp2040_usb_init
 .text.hw_endpoint_reset_transfer
                0x200048d4        0xc CMakeFiles/RPPicoMandelbrot.dir/C_/VSARM/sdk/pico/pico-sdk/lib/tinyusb/src/portable/raspberrypi/rp2040/rp2040_usb.c.obj
                0x200048d4                hw_endpoint_reset_transfer
 .text._hw_endpoint_buffer_control_update32
                0x200048e0       0x58 CMakeFiles/RPPicoMandelbrot.dir/C_/VSARM/sdk/pico/pico-sdk/lib/tinyusb/src/portable/raspberrypi/rp2040/rp2040_usb.c.obj
                0x200048e0                _hw_endpoint_buffer_control_update32
 .text._hw_endpoint_start_next_buffer
                0x20004938       0x6c CMakeFiles/RPPicoMandelbrot.dir/C_/VSARM/sdk/pico/pico-sdk/lib/tinyusb/src/portable/raspberrypi/rp2040/rp2040_usb.c.obj
 .text.hw_endpoint_xfer_start
                0x200049a4       0x40 CMakeFiles/RPPicoMandelbrot.dir/C_/VSARM/sdk/pico/pico-sdk/lib/tinyusb/src/portable/raspberrypi/rp2040/rp2040_usb.c.obj
                0x200049a4                hw_endpoint_xfer_start
 .text.hw_endpoint_xfer_continue
                0x200049e4       0x54 CMakeFiles/RPPicoMandelbrot.dir/C_/VSARM/sdk/pico/pico-sdk/lib/tinyusb/src/portable/raspberrypi/rp2040/rp2040_usb.c.obj
                0x200049e4                hw_endpoint_xfer_continue
 .text.get_driver
                0x20004a38       0x3c CMakeFiles/RPPicoMandelbrot.dir/C_/VSARM/sdk/pico/pico-sdk/lib/tinyusb/src/device/usbd.c.obj
 .text.configuration_reset
                0x20004a74       0x4c CMakeFiles/RPPicoMandelbrot.dir/C_/VSARM/sdk/pico/pico-sdk/lib/tinyusb/src/device/usbd.c.obj
 .text.invoke_class_control
                0x20004ac0       0x1a CMakeFiles/RPPicoMandelbrot.dir/C_/VSARM/sdk/pico/pico-sdk/lib/tinyusb/src/device/usbd.c.obj
 *fill*         0x20004ada        0x2 
 .text.osal_queue_send.constprop.0.isra.0
                0x20004adc       0x48 CMakeFiles/RPPicoMandelbrot.dir/C_/VSARM/sdk/pico/pico-sdk/lib/tinyusb/src/device/usbd.c.obj
 .text.tud_mounted
                0x20004b24       0x10 CMakeFiles/RPPicoMandelbrot.dir/C_/VSARM/sdk/pico/pico-sdk/lib/tinyusb/src/device/usbd.c.obj
                0x20004b24                tud_mounted
 .text.tud_suspended
                0x20004b34       0x10 CMakeFiles/RPPicoMandelbrot.dir/C_/VSARM/sdk/pico/pico-sdk/lib/tinyusb/src/device/usbd.c.obj
                0x20004b34                tud_suspended
 .text.tud_inited
                0x20004b44        0xc CMakeFiles/RPPicoMandelbrot.dir/C_/VSARM/sdk/pico/pico-sdk/lib/tinyusb/src/device/usbd.c.obj
                0x20004b44                tud_inited
 .text.tud_init
                0x20004b50       0x94 CMakeFiles/RPPicoMandelbrot.dir/C_/VSARM/sdk/pico/pico-sdk/lib/tinyusb/src/device/usbd.c.obj
                0x20004b50                tud_init
 .text.dcd_event_handler
                0x20004be4       0x7c CMakeFiles/RPPicoMandelbrot.dir/C_/VSARM/sdk/pico/pico-sdk/lib/tinyusb/src/device/usbd.c.obj
                0x20004be4                dcd_event_handler
 .text.dcd_event_bus_signal
                0x20004c60       0x22 CMakeFiles/RPPicoMandelbrot.dir/C_/VSARM/sdk/pico/pico-sdk/lib/tinyusb/src/device/usbd.c.obj
                0x20004c60                dcd_event_bus_signal
 .text.dcd_event_bus_reset
                0x20004c82       0x2a CMakeFiles/RPPicoMandelbrot.dir/C_/VSARM/sdk/pico/pico-sdk/lib/tinyusb/src/device/usbd.c.obj
                0x20004c82                dcd_event_bus_reset
 .text.dcd_event_setup_received
                0x20004cac       0x26 CMakeFiles/RPPicoMandelbrot.dir/C_/VSARM/sdk/pico/pico-sdk/lib/tinyusb/src/device/usbd.c.obj
                0x20004cac                dcd_event_setup_received
 .text.dcd_event_xfer_complete
                0x20004cd2       0x38 CMakeFiles/RPPicoMandelbrot.dir/C_/VSARM/sdk/pico/pico-sdk/lib/tinyusb/src/device/usbd.c.obj
                0x20004cd2                dcd_event_xfer_complete
 *fill*         0x20004d0a        0x2 
 .text.usbd_edpt_open
                0x20004d0c       0x58 CMakeFiles/RPPicoMandelbrot.dir/C_/VSARM/sdk/pico/pico-sdk/lib/tinyusb/src/device/usbd.c.obj
                0x20004d0c                usbd_edpt_open
 .text.usbd_open_edpt_pair
                0x20004d64       0x78 CMakeFiles/RPPicoMandelbrot.dir/C_/VSARM/sdk/pico/pico-sdk/lib/tinyusb/src/device/usbd.c.obj
                0x20004d64                usbd_open_edpt_pair
 .text.usbd_edpt_claim
                0x20004ddc       0x68 CMakeFiles/RPPicoMandelbrot.dir/C_/VSARM/sdk/pico/pico-sdk/lib/tinyusb/src/device/usbd.c.obj
                0x20004ddc                usbd_edpt_claim
 .text.usbd_edpt_release
                0x20004e44       0x4c CMakeFiles/RPPicoMandelbrot.dir/C_/VSARM/sdk/pico/pico-sdk/lib/tinyusb/src/device/usbd.c.obj
                0x20004e44                usbd_edpt_release
 .text.usbd_edpt_xfer
                0x20004e90       0x58 CMakeFiles/RPPicoMandelbrot.dir/C_/VSARM/sdk/pico/pico-sdk/lib/tinyusb/src/device/usbd.c.obj
                0x20004e90                usbd_edpt_xfer
 .text.usbd_edpt_stall
                0x20004ee8       0x34 CMakeFiles/RPPicoMandelbrot.dir/C_/VSARM/sdk/pico/pico-sdk/lib/tinyusb/src/device/usbd.c.obj
                0x20004ee8                usbd_edpt_stall
 .text.usbd_edpt_clear_stall
                0x20004f1c       0x34 CMakeFiles/RPPicoMandelbrot.dir/C_/VSARM/sdk/pico/pico-sdk/lib/tinyusb/src/device/usbd.c.obj
                0x20004f1c                usbd_edpt_clear_stall
 .text.usbd_edpt_stalled
                0x20004f50       0x1c CMakeFiles/RPPicoMandelbrot.dir/C_/VSARM/sdk/pico/pico-sdk/lib/tinyusb/src/device/usbd.c.obj
                0x20004f50                usbd_edpt_stalled
 .text.tud_task
                0x20004f6c      0x5bc CMakeFiles/RPPicoMandelbrot.dir/C_/VSARM/sdk/pico/pico-sdk/lib/tinyusb/src/device/usbd.c.obj
                0x20004f6c                tud_task
 .text._data_stage_xact
                0x20005528       0x58 CMakeFiles/RPPicoMandelbrot.dir/C_/VSARM/sdk/pico/pico-sdk/lib/tinyusb/src/device/usbd_control.c.obj
 .text._status_stage_xact.isra.0
                0x20005580       0x14 CMakeFiles/RPPicoMandelbrot.dir/C_/VSARM/sdk/pico/pico-sdk/lib/tinyusb/src/device/usbd_control.c.obj
 .text.tud_control_status
                0x20005594       0x24 CMakeFiles/RPPicoMandelbrot.dir/C_/VSARM/sdk/pico/pico-sdk/lib/tinyusb/src/device/usbd_control.c.obj
                0x20005594                tud_control_status
 .text.tud_control_xfer
                0x200055b8       0x78 CMakeFiles/RPPicoMandelbrot.dir/C_/VSARM/sdk/pico/pico-sdk/lib/tinyusb/src/device/usbd_control.c.obj
                0x200055b8                tud_control_xfer
 .text.usbd_control_reset
                0x20005630       0x14 CMakeFiles/RPPicoMandelbrot.dir/C_/VSARM/sdk/pico/pico-sdk/lib/tinyusb/src/device/usbd_control.c.obj
                0x20005630                usbd_control_reset
 .text.usbd_control_set_complete_callback
                0x20005644        0xc CMakeFiles/RPPicoMandelbrot.dir/C_/VSARM/sdk/pico/pico-sdk/lib/tinyusb/src/device/usbd_control.c.obj
                0x20005644                usbd_control_set_complete_callback
 .text.usbd_control_set_request
                0x20005650       0x1c CMakeFiles/RPPicoMandelbrot.dir/C_/VSARM/sdk/pico/pico-sdk/lib/tinyusb/src/device/usbd_control.c.obj
                0x20005650                usbd_control_set_request
 .text.usbd_control_xfer_cb
                0x2000566c       0xcc CMakeFiles/RPPicoMandelbrot.dir/C_/VSARM/sdk/pico/pico-sdk/lib/tinyusb/src/device/usbd_control.c.obj
                0x2000566c                usbd_control_xfer_cb
 .text._prep_out_transaction
                0x20005738       0x42 CMakeFiles/RPPicoMandelbrot.dir/C_/VSARM/sdk/pico/pico-sdk/lib/tinyusb/src/class/cdc/cdc_device.c.obj
 *fill*         0x2000577a        0x2 
 .text.tud_cdc_n_connected
                0x2000577c       0x30 CMakeFiles/RPPicoMandelbrot.dir/C_/VSARM/sdk/pico/pico-sdk/lib/tinyusb/src/class/cdc/cdc_device.c.obj
                0x2000577c                tud_cdc_n_connected
 .text.tud_cdc_n_available
                0x200057ac       0x18 CMakeFiles/RPPicoMandelbrot.dir/C_/VSARM/sdk/pico/pico-sdk/lib/tinyusb/src/class/cdc/cdc_device.c.obj
                0x200057ac                tud_cdc_n_available
 .text.tud_cdc_n_read
                0x200057c4       0x28 CMakeFiles/RPPicoMandelbrot.dir/C_/VSARM/sdk/pico/pico-sdk/lib/tinyusb/src/class/cdc/cdc_device.c.obj
                0x200057c4                tud_cdc_n_read
 .text.tud_cdc_n_write_flush
                0x200057ec       0x90 CMakeFiles/RPPicoMandelbrot.dir/C_/VSARM/sdk/pico/pico-sdk/lib/tinyusb/src/class/cdc/cdc_device.c.obj
                0x200057ec                tud_cdc_n_write_flush
 .text.tud_cdc_n_write
                0x2000587c       0x34 CMakeFiles/RPPicoMandelbrot.dir/C_/VSARM/sdk/pico/pico-sdk/lib/tinyusb/src/class/cdc/cdc_device.c.obj
                0x2000587c                tud_cdc_n_write
 .text.tud_cdc_n_write_available
                0x200058b0       0x18 CMakeFiles/RPPicoMandelbrot.dir/C_/VSARM/sdk/pico/pico-sdk/lib/tinyusb/src/class/cdc/cdc_device.c.obj
                0x200058b0                tud_cdc_n_write_available
 .text.cdcd_init
                0x200058c8       0x7c CMakeFiles/RPPicoMandelbrot.dir/C_/VSARM/sdk/pico/pico-sdk/lib/tinyusb/src/class/cdc/cdc_device.c.obj
                0x200058c8                cdcd_init
 .text.cdcd_reset
                0x20005944       0x30 CMakeFiles/RPPicoMandelbrot.dir/C_/VSARM/sdk/pico/pico-sdk/lib/tinyusb/src/class/cdc/cdc_device.c.obj
                0x20005944                cdcd_reset
 .text.cdcd_open
                0x20005974       0xd8 CMakeFiles/RPPicoMandelbrot.dir/C_/VSARM/sdk/pico/pico-sdk/lib/tinyusb/src/class/cdc/cdc_device.c.obj
                0x20005974                cdcd_open
 .text.cdcd_control_xfer_cb
                0x20005a4c       0xd8 CMakeFiles/RPPicoMandelbrot.dir/C_/VSARM/sdk/pico/pico-sdk/lib/tinyusb/src/class/cdc/cdc_device.c.obj
                0x20005a4c                cdcd_control_xfer_cb
 .text.cdcd_xfer_cb
                0x20005b24       0xfc CMakeFiles/RPPicoMandelbrot.dir/C_/VSARM/sdk/pico/pico-sdk/lib/tinyusb/src/class/cdc/cdc_device.c.obj
                0x20005b24                cdcd_xfer_cb
 .text.tusb_init
                0x20005c20       0x24 CMakeFiles/RPPicoMandelbrot.dir/C_/VSARM/sdk/pico/pico-sdk/lib/tinyusb/src/tusb.c.obj
                0x20005c20                tusb_init
 .text.tusb_inited
                0x20005c44        0x8 CMakeFiles/RPPicoMandelbrot.dir/C_/VSARM/sdk/pico/pico-sdk/lib/tinyusb/src/tusb.c.obj
                0x20005c44                tusb_inited
 .text.tu_edpt_validate
                0x20005c4c       0x7c CMakeFiles/RPPicoMandelbrot.dir/C_/VSARM/sdk/pico/pico-sdk/lib/tinyusb/src/tusb.c.obj
                0x20005c4c                tu_edpt_validate
 .text.tu_edpt_bind_driver
                0x20005cc8       0x2a CMakeFiles/RPPicoMandelbrot.dir/C_/VSARM/sdk/pico/pico-sdk/lib/tinyusb/src/tusb.c.obj
                0x20005cc8                tu_edpt_bind_driver
 .text.advance_pointer
                0x20005cf2       0x18 CMakeFiles/RPPicoMandelbrot.dir/C_/VSARM/sdk/pico/pico-sdk/lib/tinyusb/src/common/tusb_fifo.c.obj
 .text._tu_fifo_correct_read_pointer
                0x20005d0a       0x1e CMakeFiles/RPPicoMandelbrot.dir/C_/VSARM/sdk/pico/pico-sdk/lib/tinyusb/src/common/tusb_fifo.c.obj
 .text._ff_unlock
                0x20005d28        0xc CMakeFiles/RPPicoMandelbrot.dir/C_/VSARM/sdk/pico/pico-sdk/lib/tinyusb/src/common/tusb_fifo.c.obj
 .text._ff_pull_const_addr
                0x20005d34       0x58 CMakeFiles/RPPicoMandelbrot.dir/C_/VSARM/sdk/pico/pico-sdk/lib/tinyusb/src/common/tusb_fifo.c.obj
 .text._tu_fifo_peek_n
                0x20005d8c      0x126 CMakeFiles/RPPicoMandelbrot.dir/C_/VSARM/sdk/pico/pico-sdk/lib/tinyusb/src/common/tusb_fifo.c.obj
 *fill*         0x20005eb2        0x2 
 .text._ff_push_const_addr
                0x20005eb4       0x48 CMakeFiles/RPPicoMandelbrot.dir/C_/VSARM/sdk/pico/pico-sdk/lib/tinyusb/src/common/tusb_fifo.c.obj
 .text._tu_fifo_peek
                0x20005efc       0x48 CMakeFiles/RPPicoMandelbrot.dir/C_/VSARM/sdk/pico/pico-sdk/lib/tinyusb/src/common/tusb_fifo.c.obj
 .text._ff_lock
                0x20005f44       0x10 CMakeFiles/RPPicoMandelbrot.dir/C_/VSARM/sdk/pico/pico-sdk/lib/tinyusb/src/common/tusb_fifo.c.obj
 .text._tu_fifo_read_n
                0x20005f54       0x3e CMakeFiles/RPPicoMandelbrot.dir/C_/VSARM/sdk/pico/pico-sdk/lib/tinyusb/src/common/tusb_fifo.c.obj
 .text._tu_fifo_write_n.part.0
                0x20005f92      0x148 CMakeFiles/RPPicoMandelbrot.dir/C_/VSARM/sdk/pico/pico-sdk/lib/tinyusb/src/common/tusb_fifo.c.obj
 .text.tu_fifo_config
                0x200060da       0x52 CMakeFiles/RPPicoMandelbrot.dir/C_/VSARM/sdk/pico/pico-sdk/lib/tinyusb/src/common/tusb_fifo.c.obj
                0x200060da                tu_fifo_config
 .text.tu_fifo_count
                0x2000612c       0x20 CMakeFiles/RPPicoMandelbrot.dir/C_/VSARM/sdk/pico/pico-sdk/lib/tinyusb/src/common/tusb_fifo.c.obj
                0x2000612c                tu_fifo_count
 .text.tu_fifo_empty
                0x2000614c       0x10 CMakeFiles/RPPicoMandelbrot.dir/C_/VSARM/sdk/pico/pico-sdk/lib/tinyusb/src/common/tusb_fifo.c.obj
                0x2000614c                tu_fifo_empty
 .text.tu_fifo_remaining
                0x2000615c       0x1c CMakeFiles/RPPicoMandelbrot.dir/C_/VSARM/sdk/pico/pico-sdk/lib/tinyusb/src/common/tusb_fifo.c.obj
                0x2000615c                tu_fifo_remaining
 .text.tu_fifo_read
                0x20006178       0x36 CMakeFiles/RPPicoMandelbrot.dir/C_/VSARM/sdk/pico/pico-sdk/lib/tinyusb/src/common/tusb_fifo.c.obj
                0x20006178                tu_fifo_read
 .text.tu_fifo_read_n
                0x200061ae        0xa CMakeFiles/RPPicoMandelbrot.dir/C_/VSARM/sdk/pico/pico-sdk/lib/tinyusb/src/common/tusb_fifo.c.obj
                0x200061ae                tu_fifo_read_n
 .text.tu_fifo_write
                0x200061b8       0x60 CMakeFiles/RPPicoMandelbrot.dir/C_/VSARM/sdk/pico/pico-sdk/lib/tinyusb/src/common/tusb_fifo.c.obj
                0x200061b8                tu_fifo_write
 .text.tu_fifo_write_n
                0x20006218       0x12 CMakeFiles/RPPicoMandelbrot.dir/C_/VSARM/sdk/pico/pico-sdk/lib/tinyusb/src/common/tusb_fifo.c.obj
                0x20006218                tu_fifo_write_n
 .text.tu_fifo_clear
                0x2000622a       0x34 CMakeFiles/RPPicoMandelbrot.dir/C_/VSARM/sdk/pico/pico-sdk/lib/tinyusb/src/common/tusb_fifo.c.obj
                0x2000622a                tu_fifo_clear
 .text.tu_fifo_set_overwritable
                0x2000625e       0x24 CMakeFiles/RPPicoMandelbrot.dir/C_/VSARM/sdk/pico/pico-sdk/lib/tinyusb/src/common/tusb_fifo.c.obj
                0x2000625e                tu_fifo_set_overwritable
 *fill*         0x20006282        0x2 
 .text.startup._retrieve_unique_id_on_boot
                0x20006284       0x14 CMakeFiles/RPPicoMandelbrot.dir/C_/VSARM/sdk/pico/pico-sdk/src/rp2_common/pico_unique_id/unique_id.c.obj
 .text.pico_get_unique_board_id_string
                0x20006298       0x60 CMakeFiles/RPPicoMandelbrot.dir/C_/VSARM/sdk/pico/pico-sdk/src/rp2_common/pico_unique_id/unique_id.c.obj
                0x20006298                pico_get_unique_board_id_string
 .text.spi_set_baudrate
                0x200062f8       0x8c CMakeFiles/RPPicoMandelbrot.dir/C_/VSARM/sdk/pico/pico-sdk/src/rp2_common/hardware_spi/spi.c.obj
                0x200062f8                spi_set_baudrate
 .text.spi_init
                0x20006384       0x6c CMakeFiles/RPPicoMandelbrot.dir/C_/VSARM/sdk/pico/pico-sdk/src/rp2_common/hardware_spi/spi.c.obj
                0x20006384                spi_init
 .text.dma_claim_unused_channel
                0x200063f0       0x1c CMakeFiles/RPPicoMandelbrot.dir/C_/VSARM/sdk/pico/pico-sdk/src/rp2_common/hardware_dma/dma.c.obj
                0x200063f0                dma_claim_unused_channel
 .text._LCD_DMA_Handler
                0x2000640c       0x3c libst7735.a(st7735.c.obj)
                0x2000640c                _LCD_DMA_Handler
 .text._LCD_SPI_Send
                0x20006448       0x1c libst7735.a(st7735.c.obj)
 .text._LCD_SendCommand
                0x20006464       0x44 libst7735.a(st7735.c.obj)
 .text.LCD_SetRotation
                0x200064a8       0x58 libst7735.a(st7735.c.obj)
                0x200064a8                LCD_SetRotation
 .text.LCD_Init
                0x20006500      0x290 libst7735.a(st7735.c.obj)
                0x20006500                LCD_Init
 .text.LCD_SetWindow
                0x20006790       0xd0 libst7735.a(st7735.c.obj)
                0x20006790                LCD_SetWindow
 .text.LCD_Wait
                0x20006860       0x28 libst7735.a(st7735.c.obj)
                0x20006860                LCD_Wait
 .text.LCD_DrawPixel
                0x20006888       0x1c libst7735.a(st7735.c.obj)
                0x20006888                LCD_DrawPixel
 .text.LCD_Clear
                0x200068a4       0x1c libst7735.a(st7735.c.obj)
                0x200068a4                LCD_Clear
 .text.LCD_Update
                0x200068c0       0x3c libst7735.a(st7735.c.obj)
                0x200068c0                LCD_Update
 .text          0x200068fc       0x14 c:/vsarm/armcc/102021~1.10/bin/../lib/gcc/arm-none-eabi/10.3.1/thumb/v6-m/nofp\libgcc.a(_thumb1_case_uqi.o)
                0x200068fc                __gnu_thumb1_case_uqi
 .text          0x20006910       0x14 c:/vsarm/armcc/102021~1.10/bin/../lib/gcc/arm-none-eabi/10.3.1/thumb/v6-m/nofp\libgcc.a(_thumb1_case_shi.o)
                0x20006910                __gnu_thumb1_case_shi
 .text          0x20006924       0x14 c:/vsarm/armcc/102021~1.10/bin/../lib/gcc/arm-none-eabi/10.3.1/thumb/v6-m/nofp\libgcc.a(_thumb1_case_uhi.o)
                0x20006924                __gnu_thumb1_case_uhi
 .text          0x20006938        0x4 c:/vsarm/armcc/102021~1.10/bin/../lib/gcc/arm-none-eabi/10.3.1/thumb/v6-m/nofp\libgcc.a(_dvmd_tls.o)
                0x20006938                __aeabi_idiv0
                0x20006938                __aeabi_ldiv0
 .text.strlen   0x2000693c       0x5c c:/vsarm/armcc/102021~1.10/bin/../lib/gcc/arm-none-eabi/10.3.1/../../../../arm-none-eabi/lib/thumb/v6-m/nofp\libg.a(lib_a-strlen-stub.o)
                0x2000693c                strlen
                0x20006998                . = ALIGN (0x4)
 *(.init)
 *(.fini)
 *crtbegin.o(.ctors)
 *crtbegin?.o(.ctors)
 *(EXCLUDE_FILE(*crtend.o *crtend?.o) .ctors)
 *(SORT_BY_NAME(.ctors.*))
 *(.ctors)
 *crtbegin.o(.dtors)
 *crtbegin?.o(.dtors)
 *(EXCLUDE_FILE(*crtend.o *crtend?.o) .dtors)
 *(SORT_BY_NAME(.dtors.*))
 *(.dtors)
 *(.eh_frame*)

.glue_7         0x20006998        0x0
 .glue_7        0x20006998        0x0 linker stubs

.glue_7t        0x20006998        0x0
 .glue_7t       0x20006998        0x0 linker stubs

.vfp11_veneer   0x20006998        0x0
 .vfp11_veneer  0x20006998        0x0 linker stubs

.v4_bx          0x20006998        0x0
 .v4_bx         0x20006998        0x0 linker stubs

.iplt           0x20006998        0x0
 .iplt          0x20006998        0x0 CMakeFiles/RPPicoMandelbrot.dir/main.c.obj

.rodata         0x20006998     0x10b0
 *(.rodata*)
 .rodata.spin_lock_claim_unused.str1.1
                0x20006998       0x1b CMakeFiles/RPPicoMandelbrot.dir/C_/VSARM/sdk/pico/pico-sdk/src/rp2_common/hardware_sync/sync.c.obj
 .rodata.get_entry.str1.1
                0x200069b3       0x59 CMakeFiles/RPPicoMandelbrot.dir/C_/VSARM/sdk/pico/pico-sdk/src/common/pico_time/time.c.obj
 .rodata.update_us_since_boot.part.0.str1.1
                0x20006a0c       0x60 CMakeFiles/RPPicoMandelbrot.dir/C_/VSARM/sdk/pico/pico-sdk/src/common/pico_time/time.c.obj
 .rodata.ph_get_node.str1.1
                0x20006a6c       0x66 CMakeFiles/RPPicoMandelbrot.dir/C_/VSARM/sdk/pico/pico-sdk/src/common/pico_time/time.c.obj
 .rodata.ph_add_child_node.str1.1
                0x20006ad2       0x20 CMakeFiles/RPPicoMandelbrot.dir/C_/VSARM/sdk/pico/pico-sdk/src/common/pico_time/time.c.obj
                                 0x29 (size before relaxing)
 .rodata.add_alarm_under_lock.str1.1
                0x20006af2       0x28 CMakeFiles/RPPicoMandelbrot.dir/C_/VSARM/sdk/pico/pico-sdk/src/common/pico_time/time.c.obj
 .rodata.alarm_pool_alarm_callback.str1.1
                0x20006b1a       0x7d CMakeFiles/RPPicoMandelbrot.dir/C_/VSARM/sdk/pico/pico-sdk/src/common/pico_time/time.c.obj
 .rodata.alarm_pool_get_default.str1.1
                0x20006b97       0x21 CMakeFiles/RPPicoMandelbrot.dir/C_/VSARM/sdk/pico/pico-sdk/src/common/pico_time/time.c.obj
 .rodata.alarm_pool_cancel_alarm.str1.1
                0x20006bb8       0x27 CMakeFiles/RPPicoMandelbrot.dir/C_/VSARM/sdk/pico/pico-sdk/src/common/pico_time/time.c.obj
 .rodata.sleep_until.str1.1
                0x20006bdf       0x4d CMakeFiles/RPPicoMandelbrot.dir/C_/VSARM/sdk/pico/pico-sdk/src/common/pico_time/time.c.obj
 .rodata.__func__.1
                0x20006c2c       0x18 CMakeFiles/RPPicoMandelbrot.dir/C_/VSARM/sdk/pico/pico-sdk/src/common/pico_time/time.c.obj
 .rodata.__func__.10
                0x20006c44       0x15 CMakeFiles/RPPicoMandelbrot.dir/C_/VSARM/sdk/pico/pico-sdk/src/common/pico_time/time.c.obj
 .rodata.__func__.11
                0x20006c59       0x1a CMakeFiles/RPPicoMandelbrot.dir/C_/VSARM/sdk/pico/pico-sdk/src/common/pico_time/time.c.obj
 .rodata.__func__.12
                0x20006c73        0xa CMakeFiles/RPPicoMandelbrot.dir/C_/VSARM/sdk/pico/pico-sdk/src/common/pico_time/time.c.obj
 .rodata.__func__.3
                0x20006c7d       0x17 CMakeFiles/RPPicoMandelbrot.dir/C_/VSARM/sdk/pico/pico-sdk/src/common/pico_time/time.c.obj
 .rodata.__func__.4
                0x20006c94       0x12 CMakeFiles/RPPicoMandelbrot.dir/C_/VSARM/sdk/pico/pico-sdk/src/common/pico_time/time.c.obj
 .rodata.__func__.5
                0x20006ca6        0xd CMakeFiles/RPPicoMandelbrot.dir/C_/VSARM/sdk/pico/pico-sdk/src/common/pico_time/time.c.obj
 .rodata.__func__.6
                0x20006cb3       0x12 CMakeFiles/RPPicoMandelbrot.dir/C_/VSARM/sdk/pico/pico-sdk/src/common/pico_time/time.c.obj
 .rodata.__func__.8
                0x20006cc5        0xc CMakeFiles/RPPicoMandelbrot.dir/C_/VSARM/sdk/pico/pico-sdk/src/common/pico_time/time.c.obj
 .rodata.__func__.9
                0x20006cd1       0x15 CMakeFiles/RPPicoMandelbrot.dir/C_/VSARM/sdk/pico/pico-sdk/src/common/pico_time/time.c.obj
 .rodata.hardware_alarm_claim.str1.1
                0x20006ce6       0x22 CMakeFiles/RPPicoMandelbrot.dir/C_/VSARM/sdk/pico/pico-sdk/src/rp2_common/hardware_timer/timer.c.obj
 .rodata.hardware_alarm_set_target.str1.1
                0x20006d08       0x62 CMakeFiles/RPPicoMandelbrot.dir/C_/VSARM/sdk/pico/pico-sdk/src/rp2_common/hardware_timer/timer.c.obj
 .rodata.__func__.0
                0x20006d6a       0x1a CMakeFiles/RPPicoMandelbrot.dir/C_/VSARM/sdk/pico/pico-sdk/src/rp2_common/hardware_timer/timer.c.obj
 .rodata.update_us_since_boot.part.0.str1.1
                0x20006d84       0x60 CMakeFiles/RPPicoMandelbrot.dir/C_/VSARM/sdk/pico/pico-sdk/src/common/pico_sync/mutex.c.obj
 .rodata.str1.1
                0x20006d84       0x86 CMakeFiles/RPPicoMandelbrot.dir/C_/VSARM/sdk/pico/pico-sdk/src/common/pico_sync/mutex.c.obj
 .rodata.__func__.1
                0x20006e0a        0xb CMakeFiles/RPPicoMandelbrot.dir/C_/VSARM/sdk/pico/pico-sdk/src/common/pico_sync/mutex.c.obj
 .rodata.__func__.3
                0x20006e15       0x18 CMakeFiles/RPPicoMandelbrot.dir/C_/VSARM/sdk/pico/pico-sdk/src/common/pico_sync/mutex.c.obj
 .rodata.__func__.4
                0x20006e2d       0x15 CMakeFiles/RPPicoMandelbrot.dir/C_/VSARM/sdk/pico/pico-sdk/src/common/pico_sync/mutex.c.obj
 .rodata.ph_get_node.str1.1
                0x20006e42       0x66 CMakeFiles/RPPicoMandelbrot.dir/C_/VSARM/sdk/pico/pico-sdk/src/common/pico_util/pheap.c.obj
 .rodata.ph_add_child_node.str1.1
                0x20006e42       0x29 CMakeFiles/RPPicoMandelbrot.dir/C_/VSARM/sdk/pico/pico-sdk/src/common/pico_util/pheap.c.obj
 .rodata.ph_remove_any_head.str1.1
                0x20006e42       0x81 CMakeFiles/RPPicoMandelbrot.dir/C_/VSARM/sdk/pico/pico-sdk/src/common/pico_util/pheap.c.obj
                                 0x89 (size before relaxing)
 .rodata.ph_remove_and_free_node.str1.1
                0x20006ec3       0x24 CMakeFiles/RPPicoMandelbrot.dir/C_/VSARM/sdk/pico/pico-sdk/src/common/pico_util/pheap.c.obj
 .rodata.__func__.0
                0x20006ee7       0x18 CMakeFiles/RPPicoMandelbrot.dir/C_/VSARM/sdk/pico/pico-sdk/src/common/pico_util/pheap.c.obj
 .rodata.__func__.1
                0x20006eff       0x13 CMakeFiles/RPPicoMandelbrot.dir/C_/VSARM/sdk/pico/pico-sdk/src/common/pico_util/pheap.c.obj
 .rodata.__func__.2
                0x20006f12       0x12 CMakeFiles/RPPicoMandelbrot.dir/C_/VSARM/sdk/pico/pico-sdk/src/common/pico_util/pheap.c.obj
 .rodata.__func__.3
                0x20006f24        0xc CMakeFiles/RPPicoMandelbrot.dir/C_/VSARM/sdk/pico/pico-sdk/src/common/pico_util/pheap.c.obj
 .rodata.__assert_func.str1.1
                0x20006f30       0x3c CMakeFiles/RPPicoMandelbrot.dir/C_/VSARM/sdk/pico/pico-sdk/src/rp2_common/pico_runtime/runtime.c.obj
                                 0x3d (size before relaxing)
 .rodata.runtime_init.str1.1
                0x20006f6c       0x5e CMakeFiles/RPPicoMandelbrot.dir/C_/VSARM/sdk/pico/pico-sdk/src/rp2_common/pico_runtime/runtime.c.obj
 .rodata.panic.str1.1
                0x20006fca       0x10 CMakeFiles/RPPicoMandelbrot.dir/C_/VSARM/sdk/pico/pico-sdk/src/rp2_common/pico_runtime/runtime.c.obj
                                 0x12 (size before relaxing)
 .rodata.__func__.1
                0x20006fda        0xd CMakeFiles/RPPicoMandelbrot.dir/C_/VSARM/sdk/pico/pico-sdk/src/rp2_common/pico_runtime/runtime.c.obj
 .rodata.clock_configure.str1.1
                0x20006fe7       0x54 CMakeFiles/RPPicoMandelbrot.dir/C_/VSARM/sdk/pico/pico-sdk/src/rp2_common/hardware_clocks/clocks.c.obj
 .rodata.__func__.1
                0x2000703b       0x10 CMakeFiles/RPPicoMandelbrot.dir/C_/VSARM/sdk/pico/pico-sdk/src/rp2_common/hardware_clocks/clocks.c.obj
 .rodata.resolve_branch.str1.1
                0x2000704b       0x52 CMakeFiles/RPPicoMandelbrot.dir/C_/VSARM/sdk/pico/pico-sdk/src/rp2_common/hardware_irq/irq.c.obj
 .rodata.make_branch.str1.1
                0x2000709d       0x10 CMakeFiles/RPPicoMandelbrot.dir/C_/VSARM/sdk/pico/pico-sdk/src/rp2_common/hardware_irq/irq.c.obj
 .rodata.irq_set_exclusive_handler.str1.1
                0x200070ad       0x36 CMakeFiles/RPPicoMandelbrot.dir/C_/VSARM/sdk/pico/pico-sdk/src/rp2_common/hardware_irq/irq.c.obj
 .rodata.irq_remove_handler.str1.1
                0x200070e3       0x2a CMakeFiles/RPPicoMandelbrot.dir/C_/VSARM/sdk/pico/pico-sdk/src/rp2_common/hardware_irq/irq.c.obj
 .rodata.irq_add_tail_to_free_list.str1.1
                0x2000710d       0x32 CMakeFiles/RPPicoMandelbrot.dir/C_/VSARM/sdk/pico/pico-sdk/src/rp2_common/hardware_irq/irq.c.obj
                                 0x38 (size before relaxing)
 .rodata.__func__.0
                0x2000713f       0x1a CMakeFiles/RPPicoMandelbrot.dir/C_/VSARM/sdk/pico/pico-sdk/src/rp2_common/hardware_irq/irq.c.obj
 .rodata.__func__.1
                0x20007159       0x17 CMakeFiles/RPPicoMandelbrot.dir/C_/VSARM/sdk/pico/pico-sdk/src/rp2_common/hardware_irq/irq.c.obj
 .rodata.__func__.2
                0x20007170       0x13 CMakeFiles/RPPicoMandelbrot.dir/C_/VSARM/sdk/pico/pico-sdk/src/rp2_common/hardware_irq/irq.c.obj
 .rodata.__func__.3
                0x20007183        0xc CMakeFiles/RPPicoMandelbrot.dir/C_/VSARM/sdk/pico/pico-sdk/src/rp2_common/hardware_irq/irq.c.obj
 .rodata.__func__.4
                0x2000718f        0xf CMakeFiles/RPPicoMandelbrot.dir/C_/VSARM/sdk/pico/pico-sdk/src/rp2_common/hardware_irq/irq.c.obj
 .rodata.__func__.6
                0x2000719e       0x1a CMakeFiles/RPPicoMandelbrot.dir/C_/VSARM/sdk/pico/pico-sdk/src/rp2_common/hardware_irq/irq.c.obj
 .rodata.pll_init.str1.1
                0x200071b8       0xd4 CMakeFiles/RPPicoMandelbrot.dir/C_/VSARM/sdk/pico/pico-sdk/src/rp2_common/hardware_pll/pll.c.obj
 .rodata.__func__.0
                0x2000728c        0x9 CMakeFiles/RPPicoMandelbrot.dir/C_/VSARM/sdk/pico/pico-sdk/src/rp2_common/hardware_pll/pll.c.obj
 .rodata._ftoa.str1.1
                0x20007295       0x12 CMakeFiles/RPPicoMandelbrot.dir/C_/VSARM/sdk/pico/pico-sdk/src/rp2_common/pico_printf/printf.c.obj
 *fill*         0x200072a7        0x1 
 .rodata.pow10.0
                0x200072a8       0x50 CMakeFiles/RPPicoMandelbrot.dir/C_/VSARM/sdk/pico/pico-sdk/src/rp2_common/pico_printf/printf.c.obj
 .rodata.__aeabi_double_init.str1.1
                0x200072f8       0xa6 CMakeFiles/RPPicoMandelbrot.dir/C_/VSARM/sdk/pico/pico-sdk/src/rp2_common/pico_double/double_init_rom.c.obj
 .rodata.__func__.0
                0x2000739e       0x14 CMakeFiles/RPPicoMandelbrot.dir/C_/VSARM/sdk/pico/pico-sdk/src/rp2_common/pico_double/double_init_rom.c.obj
 .rodata.__aeabi_float_init.str1.1
                0x200073b2       0x7a CMakeFiles/RPPicoMandelbrot.dir/C_/VSARM/sdk/pico/pico-sdk/src/rp2_common/pico_float/float_init_rom.c.obj
                                 0x7b (size before relaxing)
 .rodata.__func__.0
                0x2000742c       0x13 CMakeFiles/RPPicoMandelbrot.dir/C_/VSARM/sdk/pico/pico-sdk/src/rp2_common/pico_float/float_init_rom.c.obj
 .rodata.str1.1
                0x2000743f       0x2e CMakeFiles/RPPicoMandelbrot.dir/C_/VSARM/sdk/pico/pico-sdk/src/rp2_common/pico_standard_link/binary_info.c.obj
 .rodata.__bi_44
                0x2000746d        0xc CMakeFiles/RPPicoMandelbrot.dir/C_/VSARM/sdk/pico/pico-sdk/src/rp2_common/pico_standard_link/binary_info.c.obj
 .rodata.__bi_81
                0x20007479        0xc CMakeFiles/RPPicoMandelbrot.dir/C_/VSARM/sdk/pico/pico-sdk/src/rp2_common/pico_standard_link/binary_info.c.obj
 .rodata.crlf_str.3
                0x20007485        0x2 CMakeFiles/RPPicoMandelbrot.dir/C_/VSARM/sdk/pico/pico-sdk/src/rp2_common/pico_stdio/stdio.c.obj
 *fill*         0x20007487        0x1 
 .rodata._resetd_driver
                0x20007488       0x18 CMakeFiles/RPPicoMandelbrot.dir/C_/VSARM/sdk/pico/pico-sdk/src/rp2_common/pico_stdio_usb/reset_interface.c.obj
 .rodata.update_us_since_boot.part.0.str1.1
                0x200074a0       0x60 CMakeFiles/RPPicoMandelbrot.dir/C_/VSARM/sdk/pico/pico-sdk/src/rp2_common/pico_stdio_usb/stdio_usb.c.obj
 .rodata.str1.1
                0x200074a0       0x13 CMakeFiles/RPPicoMandelbrot.dir/C_/VSARM/sdk/pico/pico-sdk/src/rp2_common/pico_stdio_usb/stdio_usb.c.obj
 .rodata.__bi_93.1
                0x200074b3        0xc CMakeFiles/RPPicoMandelbrot.dir/C_/VSARM/sdk/pico/pico-sdk/src/rp2_common/pico_stdio_usb/stdio_usb.c.obj
 .rodata.__func__.0
                0x200074bf       0x15 CMakeFiles/RPPicoMandelbrot.dir/C_/VSARM/sdk/pico/pico-sdk/src/rp2_common/pico_stdio_usb/stdio_usb.c.obj
 .rodata.str1.1
                0x200074d4       0x22 CMakeFiles/RPPicoMandelbrot.dir/C_/VSARM/sdk/pico/pico-sdk/src/rp2_common/pico_stdio_usb/stdio_usb_descriptors.c.obj
 .rodata.usbd_desc_cfg
                0x200074f6       0x54 CMakeFiles/RPPicoMandelbrot.dir/C_/VSARM/sdk/pico/pico-sdk/src/rp2_common/pico_stdio_usb/stdio_usb_descriptors.c.obj
 .rodata.usbd_desc_device
                0x2000754a       0x12 CMakeFiles/RPPicoMandelbrot.dir/C_/VSARM/sdk/pico/pico-sdk/src/rp2_common/pico_stdio_usb/stdio_usb_descriptors.c.obj
 .rodata.usbd_desc_str
                0x2000755c       0x18 CMakeFiles/RPPicoMandelbrot.dir/C_/VSARM/sdk/pico/pico-sdk/src/rp2_common/pico_stdio_usb/stdio_usb_descriptors.c.obj
 .rodata.hw_endpoint_init.str1.1
                0x20007574       0xb4 CMakeFiles/RPPicoMandelbrot.dir/C_/VSARM/sdk/pico/pico-sdk/lib/tinyusb/src/portable/raspberrypi/rp2040/dcd_rp2040.c.obj
 .rodata.dcd_rp2040_irq.str1.1
                0x20007628       0x14 CMakeFiles/RPPicoMandelbrot.dir/C_/VSARM/sdk/pico/pico-sdk/lib/tinyusb/src/portable/raspberrypi/rp2040/dcd_rp2040.c.obj
 .rodata.dcd_int_enable.str1.1
                0x2000763c        0xc CMakeFiles/RPPicoMandelbrot.dir/C_/VSARM/sdk/pico/pico-sdk/lib/tinyusb/src/portable/raspberrypi/rp2040/dcd_rp2040.c.obj
 .rodata.__func__.0
                0x20007648        0xe CMakeFiles/RPPicoMandelbrot.dir/C_/VSARM/sdk/pico/pico-sdk/lib/tinyusb/src/portable/raspberrypi/rp2040/dcd_rp2040.c.obj
 .rodata.__func__.1
                0x20007656        0xe CMakeFiles/RPPicoMandelbrot.dir/C_/VSARM/sdk/pico/pico-sdk/lib/tinyusb/src/portable/raspberrypi/rp2040/dcd_rp2040.c.obj
 .rodata.__func__.3
                0x20007664       0x10 CMakeFiles/RPPicoMandelbrot.dir/C_/VSARM/sdk/pico/pico-sdk/lib/tinyusb/src/portable/raspberrypi/rp2040/dcd_rp2040.c.obj
 .rodata.__func__.5
                0x20007674        0xf CMakeFiles/RPPicoMandelbrot.dir/C_/VSARM/sdk/pico/pico-sdk/lib/tinyusb/src/portable/raspberrypi/rp2040/dcd_rp2040.c.obj
 .rodata.__func__.6
                0x20007683       0x13 CMakeFiles/RPPicoMandelbrot.dir/C_/VSARM/sdk/pico/pico-sdk/lib/tinyusb/src/portable/raspberrypi/rp2040/dcd_rp2040.c.obj
 .rodata.__func__.7
                0x20007696        0x9 CMakeFiles/RPPicoMandelbrot.dir/C_/VSARM/sdk/pico/pico-sdk/lib/tinyusb/src/portable/raspberrypi/rp2040/dcd_rp2040.c.obj
 .rodata.sync_ep_buffer.str1.1
                0x2000769f       0x91 CMakeFiles/RPPicoMandelbrot.dir/C_/VSARM/sdk/pico/pico-sdk/lib/tinyusb/src/portable/raspberrypi/rp2040/rp2040_usb.c.obj
 .rodata._hw_endpoint_buffer_control_update32.str1.1
                0x20007730       0x1f CMakeFiles/RPPicoMandelbrot.dir/C_/VSARM/sdk/pico/pico-sdk/lib/tinyusb/src/portable/raspberrypi/rp2040/rp2040_usb.c.obj
 .rodata.hw_endpoint_xfer_start.str1.1
                0x2000774f       0x38 CMakeFiles/RPPicoMandelbrot.dir/C_/VSARM/sdk/pico/pico-sdk/lib/tinyusb/src/portable/raspberrypi/rp2040/rp2040_usb.c.obj
 .rodata.hw_endpoint_xfer_continue.str1.1
                0x20007787       0x29 CMakeFiles/RPPicoMandelbrot.dir/C_/VSARM/sdk/pico/pico-sdk/lib/tinyusb/src/portable/raspberrypi/rp2040/rp2040_usb.c.obj
 .rodata.str1.1
                0x200077b0        0x3 CMakeFiles/RPPicoMandelbrot.dir/C_/VSARM/sdk/pico/pico-sdk/lib/tinyusb/src/portable/raspberrypi/rp2040/rp2040_usb.c.obj
                                  0x7 (size before relaxing)
 .rodata.__func__.0
                0x200077b3        0xf CMakeFiles/RPPicoMandelbrot.dir/C_/VSARM/sdk/pico/pico-sdk/lib/tinyusb/src/portable/raspberrypi/rp2040/rp2040_usb.c.obj
 .rodata.osal_queue_send.constprop.0.isra.0.str1.1
                0x200077c2       0x17 CMakeFiles/RPPicoMandelbrot.dir/C_/VSARM/sdk/pico/pico-sdk/lib/tinyusb/src/device/usbd.c.obj
 .rodata.__func__.2
                0x200077d9        0xf CMakeFiles/RPPicoMandelbrot.dir/C_/VSARM/sdk/pico/pico-sdk/lib/tinyusb/src/device/usbd.c.obj
 .rodata.__func__.3
                0x200077e8        0xf CMakeFiles/RPPicoMandelbrot.dir/C_/VSARM/sdk/pico/pico-sdk/lib/tinyusb/src/device/usbd.c.obj
 .rodata.__func__.4
                0x200077f7       0x14 CMakeFiles/RPPicoMandelbrot.dir/C_/VSARM/sdk/pico/pico-sdk/lib/tinyusb/src/device/usbd.c.obj
 .rodata.__func__.5
                0x2000780b       0x10 CMakeFiles/RPPicoMandelbrot.dir/C_/VSARM/sdk/pico/pico-sdk/lib/tinyusb/src/device/usbd.c.obj
 .rodata.__func__.6
                0x2000781b       0x17 CMakeFiles/RPPicoMandelbrot.dir/C_/VSARM/sdk/pico/pico-sdk/lib/tinyusb/src/device/usbd.c.obj
 .rodata.__func__.7
                0x20007832       0x13 CMakeFiles/RPPicoMandelbrot.dir/C_/VSARM/sdk/pico/pico-sdk/lib/tinyusb/src/device/usbd.c.obj
 .rodata.__func__.8
                0x20007845       0x18 CMakeFiles/RPPicoMandelbrot.dir/C_/VSARM/sdk/pico/pico-sdk/lib/tinyusb/src/device/usbd.c.obj
 .rodata.__func__.9
                0x2000785d        0x9 CMakeFiles/RPPicoMandelbrot.dir/C_/VSARM/sdk/pico/pico-sdk/lib/tinyusb/src/device/usbd.c.obj
 *fill*         0x20007866        0x2 
 .rodata._usbd_driver
                0x20007868       0x18 CMakeFiles/RPPicoMandelbrot.dir/C_/VSARM/sdk/pico/pico-sdk/lib/tinyusb/src/device/usbd.c.obj
 .rodata.tud_control_xfer.str1.1
                0x20007880       0x17 CMakeFiles/RPPicoMandelbrot.dir/C_/VSARM/sdk/pico/pico-sdk/lib/tinyusb/src/device/usbd_control.c.obj
 .rodata.__func__.0
                0x20007880       0x15 CMakeFiles/RPPicoMandelbrot.dir/C_/VSARM/sdk/pico/pico-sdk/lib/tinyusb/src/device/usbd_control.c.obj
 .rodata.__func__.1
                0x20007895       0x11 CMakeFiles/RPPicoMandelbrot.dir/C_/VSARM/sdk/pico/pico-sdk/lib/tinyusb/src/device/usbd_control.c.obj
 .rodata.tud_cdc_n_write_flush.str1.1
                0x200078a6       0x17 CMakeFiles/RPPicoMandelbrot.dir/C_/VSARM/sdk/pico/pico-sdk/lib/tinyusb/src/class/cdc/cdc_device.c.obj
 .rodata.__func__.0
                0x200078a6        0xd CMakeFiles/RPPicoMandelbrot.dir/C_/VSARM/sdk/pico/pico-sdk/lib/tinyusb/src/class/cdc/cdc_device.c.obj
 .rodata.__func__.1
                0x200078b3        0xa CMakeFiles/RPPicoMandelbrot.dir/C_/VSARM/sdk/pico/pico-sdk/lib/tinyusb/src/class/cdc/cdc_device.c.obj
 .rodata.__func__.2
                0x200078bd       0x16 CMakeFiles/RPPicoMandelbrot.dir/C_/VSARM/sdk/pico/pico-sdk/lib/tinyusb/src/class/cdc/cdc_device.c.obj
 .rodata.tusb_init.str1.1
                0x200078d3       0x17 CMakeFiles/RPPicoMandelbrot.dir/C_/VSARM/sdk/pico/pico-sdk/lib/tinyusb/src/tusb.c.obj
 .rodata.__func__.0
                0x200078d3       0x11 CMakeFiles/RPPicoMandelbrot.dir/C_/VSARM/sdk/pico/pico-sdk/lib/tinyusb/src/tusb.c.obj
 .rodata.__func__.1
                0x200078e4        0xa CMakeFiles/RPPicoMandelbrot.dir/C_/VSARM/sdk/pico/pico-sdk/lib/tinyusb/src/tusb.c.obj
 .rodata.pico_get_unique_board_id_string.str1.1
                0x200078ee       0x4d CMakeFiles/RPPicoMandelbrot.dir/C_/VSARM/sdk/pico/pico-sdk/src/rp2_common/pico_unique_id/unique_id.c.obj
 .rodata.__func__.0
                0x2000793b       0x20 CMakeFiles/RPPicoMandelbrot.dir/C_/VSARM/sdk/pico/pico-sdk/src/rp2_common/pico_unique_id/unique_id.c.obj
 .rodata.dma_claim_unused_channel.str1.1
                0x2000795b       0x1e CMakeFiles/RPPicoMandelbrot.dir/C_/VSARM/sdk/pico/pico-sdk/src/rp2_common/hardware_dma/dma.c.obj
 .rodata.LCD_SetRotation.str1.4
                0x20007979        0x0 libst7735.a(st7735.c.obj)
                                  0x1 (size before relaxing)
 *fill*         0x20007979        0x3 
 .rodata.LCD_Init.str1.4
                0x2000797c       0x8e libst7735.a(st7735.c.obj)
 *fill*         0x20007a0a        0x2 
 .rodata        0x20007a0c       0x20 libst7735.a(st7735.c.obj)
 .rodata.__func__.3
                0x20007a2c       0x1c libst7735.a(st7735.c.obj)
                0x20007a48                . = ALIGN (0x4)
 *(SORT_BY_ALIGNMENT(SORT_BY_NAME(.flashdata*)))
                0x20007a48                . = ALIGN (0x4)

.rel.dyn        0x20007a48        0x0
 .rel.iplt      0x20007a48        0x0 CMakeFiles/RPPicoMandelbrot.dir/main.c.obj

.ARM.extab
 *(.ARM.extab* .gnu.linkonce.armextab.*)
                0x20007a48                __exidx_start = .

.ARM.exidx
 *(.ARM.exidx* .gnu.linkonce.armexidx.*)
                0x20007a48                __exidx_end = .
                0x20007a48                . = ALIGN (0x4)
                0x20007a48                __binary_info_start = .

.binary_info    0x20007a48       0x18
 *(.binary_info.keep.*)
 .binary_info.keep.__bi_ptr30
                0x20007a48        0x4 CMakeFiles/RPPicoMandelbrot.dir/C_/VSARM/sdk/pico/pico-sdk/src/rp2_common/pico_standard_link/binary_info.c.obj
 .binary_info.keep.__bi_ptr38
                0x20007a4c        0x4 CMakeFiles/RPPicoMandelbrot.dir/C_/VSARM/sdk/pico/pico-sdk/src/rp2_common/pico_standard_link/binary_info.c.obj
 .binary_info.keep.__bi_ptr44
                0x20007a50        0x4 CMakeFiles/RPPicoMandelbrot.dir/C_/VSARM/sdk/pico/pico-sdk/src/rp2_common/pico_standard_link/binary_info.c.obj
 .binary_info.keep.__bi_ptr50
                0x20007a54        0x4 CMakeFiles/RPPicoMandelbrot.dir/C_/VSARM/sdk/pico/pico-sdk/src/rp2_common/pico_standard_link/binary_info.c.obj
 .binary_info.keep.__bi_ptr81
                0x20007a58        0x4 CMakeFiles/RPPicoMandelbrot.dir/C_/VSARM/sdk/pico/pico-sdk/src/rp2_common/pico_standard_link/binary_info.c.obj
 *(.binary_info.*)
 .binary_info.__bi_ptr93
                0x20007a5c        0x4 CMakeFiles/RPPicoMandelbrot.dir/C_/VSARM/sdk/pico/pico-sdk/src/rp2_common/pico_stdio_usb/stdio_usb.c.obj
                0x20007a60                __binary_info_end = .
                0x20007a60                . = ALIGN (0x4)

.data           0x20007a60      0x108
                0x20007a60                __etext = .
                0x20007a60                __data_start__ = .
 *(vtable)
 *(.data*)
 .data.striped_spin_lock_num
                0x20007a60        0x1 CMakeFiles/RPPicoMandelbrot.dir/C_/VSARM/sdk/pico/pico-sdk/src/rp2_common/hardware_sync/sync.c.obj
 *fill*         0x20007a61        0x3 
 .data.default_alarm_pool
                0x20007a64       0x18 CMakeFiles/RPPicoMandelbrot.dir/C_/VSARM/sdk/pico/pico-sdk/src/common/pico_time/time.c.obj
 .data.default_alarm_pool_heap
                0x20007a7c       0x10 CMakeFiles/RPPicoMandelbrot.dir/C_/VSARM/sdk/pico/pico-sdk/src/common/pico_time/time.c.obj
 .data          0x20007a8c       0x48 CMakeFiles/RPPicoMandelbrot.dir/C_/VSARM/sdk/pico/pico-sdk/src/rp2_common/hardware_irq/irq_handler_chain.S.obj
                0x20007a8c                irq_handler_chain_slots
                0x20007abc                irq_handler_chain_first_slot
                0x20007ac6                irq_handler_chain_remove_tail
 *fill*         0x20007ad4        0xc 
 .data.aeabi_bits_funcs
                0x20007ae0       0x10 CMakeFiles/RPPicoMandelbrot.dir/C_/VSARM/sdk/pico/pico-sdk/src/rp2_common/pico_bit_ops/bit_ops_aeabi.S.obj
                0x20007ae0                aeabi_bits_funcs
                0x20007af0                aeabi_bits_funcs_end
 .data.aeabi_mem_funcs
                0x20007af0       0x10 CMakeFiles/RPPicoMandelbrot.dir/C_/VSARM/sdk/pico/pico-sdk/src/rp2_common/pico_mem_ops/mem_ops_aeabi.S.obj
                0x20007af0                aeabi_mem_funcs
                0x20007b00                aeabi_mem_funcs_end
 .data.stdio_usb
                0x20007b00       0x14 CMakeFiles/RPPicoMandelbrot.dir/C_/VSARM/sdk/pico/pico-sdk/src/rp2_common/pico_stdio_usb/stdio_usb.c.obj
                0x20007b00                stdio_usb
 .data.ep_dir_string
                0x20007b14        0x8 CMakeFiles/RPPicoMandelbrot.dir/C_/VSARM/sdk/pico/pico-sdk/lib/tinyusb/src/portable/raspberrypi/rp2040/rp2040_usb.c.obj
                0x20007b14                ep_dir_string
 .data._usbd_qdef
                0x20007b1c       0x24 CMakeFiles/RPPicoMandelbrot.dir/C_/VSARM/sdk/pico/pico-sdk/lib/tinyusb/src/device/usbd.c.obj
                0x20007b1c                _usbd_qdef
 .data.lcd_rotation
                0x20007b40        0x1 libst7735.a(st7735.c.obj)
                0x20007b40                lcd_rotation
                0x20007b44                . = ALIGN (0x4)
 *fill*         0x20007b41        0x3 
 *(.after_data.*)
                0x20007b44                . = ALIGN (0x4)
                0x20007b44                PROVIDE (__mutex_array_start = .)
 *(SORT_BY_NAME(.mutex_array.*))
 *(.mutex_array)
 .mutex_array   0x20007b44        0x8 CMakeFiles/RPPicoMandelbrot.dir/C_/VSARM/sdk/pico/pico-sdk/src/rp2_common/pico_malloc/pico_malloc.c.obj
 .mutex_array   0x20007b4c        0x8 CMakeFiles/RPPicoMandelbrot.dir/C_/VSARM/sdk/pico/pico-sdk/src/rp2_common/pico_stdio/stdio.c.obj
                0x20007b54                PROVIDE (__mutex_array_end = .)
                0x20007b54                . = ALIGN (0x4)
                0x20007b54                PROVIDE (__preinit_array_start = .)
 *(SORT_BY_NAME(.preinit_array.*))
 .preinit_array.00001
                0x20007b54        0x4 CMakeFiles/RPPicoMandelbrot.dir/C_/VSARM/sdk/pico/pico-sdk/src/rp2_common/pico_mem_ops/mem_ops_aeabi.S.obj
 .preinit_array.00010
                0x20007b58        0x4 CMakeFiles/RPPicoMandelbrot.dir/C_/VSARM/sdk/pico/pico-sdk/src/rp2_common/pico_bit_ops/bit_ops_aeabi.S.obj
 .preinit_array.00020
                0x20007b5c        0x4 CMakeFiles/RPPicoMandelbrot.dir/C_/VSARM/sdk/pico/pico-sdk/src/rp2_common/pico_double/double_aeabi.S.obj
 .preinit_array.00020
                0x20007b60        0x4 CMakeFiles/RPPicoMandelbrot.dir/C_/VSARM/sdk/pico/pico-sdk/src/rp2_common/pico_float/float_aeabi.S.obj
 *(.preinit_array)
                0x20007b64                PROVIDE (__preinit_array_end = .)
                0x20007b64                . = ALIGN (0x4)
                0x20007b64                PROVIDE (__init_array_start = .)
 *(SORT_BY_NAME(.init_array.*))
 *(.init_array)
 .init_array    0x20007b64        0x4 CMakeFiles/RPPicoMandelbrot.dir/C_/VSARM/sdk/pico/pico-sdk/src/rp2_common/pico_unique_id/unique_id.c.obj
                0x20007b68                PROVIDE (__init_array_end = .)
                0x20007b68                . = ALIGN (0x4)
                [!provide]                PROVIDE (__fini_array_start = .)
 *(SORT_BY_NAME(.fini_array.*))
 *(.fini_array)
                [!provide]                PROVIDE (__fini_array_end = .)
 *(.jcr)
                0x20007b68                . = ALIGN (0x4)
                0x20007b68                __data_end__ = .

.igot.plt       0x20007b68        0x0
 .igot.plt      0x20007b68        0x0 CMakeFiles/RPPicoMandelbrot.dir/main.c.obj

.uninitialized_data
                0x20007b68        0x0
                0x20007b68                . = ALIGN (0x4)
 *(.uninitialized_data*)

.scratch_x      0x20040000        0x0
                0x20040000                __scratch_x_start__ = .
 *(.scratch_x.*)
                0x20040000                . = ALIGN (0x4)
                0x20040000                __scratch_x_end__ = .
                0x20040000                __scratch_x_source__ = LOADADDR (.scratch_x)

.scratch_y      0x20041000        0x0
                0x20041000                __scratch_y_start__ = .
 *(.scratch_y.*)
                0x20041000                . = ALIGN (0x4)
                0x20041000                __scratch_y_end__ = .
                0x20041000                __scratch_y_source__ = LOADADDR (.scratch_y)

.bss            0x20007b68     0x706c
                0x20007b68                . = ALIGN (0x4)
                0x20007b68                __bss_start__ = .
 *(SORT_BY_ALIGNMENT(SORT_BY_NAME(.bss*)))
 .bss.default_alarm_pool_entries
                0x20007b68      0x100 CMakeFiles/RPPicoMandelbrot.dir/C_/VSARM/sdk/pico/pico-sdk/src/common/pico_time/time.c.obj
 .bss.last_avail_time.2
                0x20007c68        0x8 CMakeFiles/RPPicoMandelbrot.dir/C_/VSARM/sdk/pico/pico-sdk/src/rp2_common/pico_stdio_usb/stdio_usb.c.obj
 .bss._app_driver
                0x20007c70        0x4 CMakeFiles/RPPicoMandelbrot.dir/C_/VSARM/sdk/pico/pico-sdk/lib/tinyusb/src/device/usbd.c.obj
 .bss._cdcd_itf
                0x20007c74      0x2d8 CMakeFiles/RPPicoMandelbrot.dir/C_/VSARM/sdk/pico/pico-sdk/lib/tinyusb/src/class/cdc/cdc_device.c.obj
 .bss._ctrl_xfer
                0x20007f4c       0x14 CMakeFiles/RPPicoMandelbrot.dir/C_/VSARM/sdk/pico/pico-sdk/lib/tinyusb/src/device/usbd_control.c.obj
 .bss._ubsd_mutexdef
                0x20007f60        0x8 CMakeFiles/RPPicoMandelbrot.dir/C_/VSARM/sdk/pico/pico-sdk/lib/tinyusb/src/device/usbd.c.obj
 .bss._usbd_ctrl_buf
                0x20007f68       0x40 CMakeFiles/RPPicoMandelbrot.dir/C_/VSARM/sdk/pico/pico-sdk/lib/tinyusb/src/device/usbd_control.c.obj
 .bss._usbd_mutex
                0x20007fa8        0x4 CMakeFiles/RPPicoMandelbrot.dir/C_/VSARM/sdk/pico/pico-sdk/lib/tinyusb/src/device/usbd.c.obj
 .bss._usbd_q   0x20007fac        0x4 CMakeFiles/RPPicoMandelbrot.dir/C_/VSARM/sdk/pico/pico-sdk/lib/tinyusb/src/device/usbd.c.obj
 .bss.alarm_callbacks
                0x20007fb0       0x10 CMakeFiles/RPPicoMandelbrot.dir/C_/VSARM/sdk/pico/pico-sdk/src/rp2_common/hardware_timer/timer.c.obj
 .bss.claimed   0x20007fc0        0x4 CMakeFiles/RPPicoMandelbrot.dir/C_/VSARM/sdk/pico/pico-sdk/src/rp2_common/hardware_sync/sync.c.obj
 .bss.configured_freq
                0x20007fc4       0x28 CMakeFiles/RPPicoMandelbrot.dir/C_/VSARM/sdk/pico/pico-sdk/src/rp2_common/hardware_clocks/clocks.c.obj
 .bss.drivers   0x20007fec        0x4 CMakeFiles/RPPicoMandelbrot.dir/C_/VSARM/sdk/pico/pico-sdk/src/rp2_common/pico_stdio/stdio.c.obj
 .bss.filter    0x20007ff0        0x4 CMakeFiles/RPPicoMandelbrot.dir/C_/VSARM/sdk/pico/pico-sdk/src/rp2_common/pico_stdio/stdio.c.obj
 .bss.hw_endpoints
                0x20007ff4      0x400 CMakeFiles/RPPicoMandelbrot.dir/C_/VSARM/sdk/pico/pico-sdk/lib/tinyusb/src/portable/raspberrypi/rp2040/dcd_rp2040.c.obj
 .bss.lcd_buf   0x200083f4     0x6400 libst7735.a(st7735.c.obj)
                0x200083f4                lcd_buf
 .bss.lcd_dma_channel
                0x2000e7f4        0x4 libst7735.a(st7735.c.obj)
                0x2000e7f4                lcd_dma_channel
 .bss.lcd_dma_cnofig
                0x2000e7f8        0x4 libst7735.a(st7735.c.obj)
                0x2000e7f8                lcd_dma_cnofig
 .bss.load_value
                0x2000e7fc        0x4 CMakeFiles/RPPicoMandelbrot.dir/C_/VSARM/sdk/pico/pico-sdk/src/rp2_common/hardware_watchdog/watchdog.c.obj
 .bss.next_buffer_ptr
                0x2000e800        0x4 CMakeFiles/RPPicoMandelbrot.dir/C_/VSARM/sdk/pico/pico-sdk/lib/tinyusb/src/portable/raspberrypi/rp2040/dcd_rp2040.c.obj
 .bss.pools     0x2000e804       0x10 CMakeFiles/RPPicoMandelbrot.dir/C_/VSARM/sdk/pico/pico-sdk/src/common/pico_time/time.c.obj
 .bss.sd_table  0x2000e814      0x100 CMakeFiles/RPPicoMandelbrot.dir/C_/VSARM/sdk/pico/pico-sdk/src/rp2_common/pico_double/double_init_rom.c.obj
                0x2000e814                sd_table
 .bss.sf_clz_func
                0x2000e914        0x4 CMakeFiles/RPPicoMandelbrot.dir/C_/VSARM/sdk/pico/pico-sdk/src/rp2_common/pico_double/double_init_rom.c.obj
                0x2000e914                sf_clz_func
 .bss.sf_table  0x2000e918      0x100 CMakeFiles/RPPicoMandelbrot.dir/C_/VSARM/sdk/pico/pico-sdk/src/rp2_common/pico_float/float_init_rom.c.obj
                0x2000e918                sf_table
 .bss.sleep_notifier
                0x2000ea18        0x4 CMakeFiles/RPPicoMandelbrot.dir/C_/VSARM/sdk/pico/pico-sdk/src/common/pico_time/time.c.obj
 .bss.stdio_usb_mutex
                0x2000ea1c        0x8 CMakeFiles/RPPicoMandelbrot.dir/C_/VSARM/sdk/pico/pico-sdk/src/rp2_common/pico_stdio_usb/stdio_usb.c.obj
 .bss.target_hi
                0x2000ea24       0x10 CMakeFiles/RPPicoMandelbrot.dir/C_/VSARM/sdk/pico/pico-sdk/src/rp2_common/hardware_timer/timer.c.obj
 .bss._claimed  0x2000ea34        0x2 CMakeFiles/RPPicoMandelbrot.dir/C_/VSARM/sdk/pico/pico-sdk/src/rp2_common/hardware_dma/dma.c.obj
 .bss.desc_str.0
                0x2000ea36       0x28 CMakeFiles/RPPicoMandelbrot.dir/C_/VSARM/sdk/pico/pico-sdk/src/rp2_common/pico_stdio_usb/stdio_usb_descriptors.c.obj
 .bss._app_driver_count
                0x2000ea5e        0x1 CMakeFiles/RPPicoMandelbrot.dir/C_/VSARM/sdk/pico/pico-sdk/lib/tinyusb/src/device/usbd.c.obj
 .bss._usbd_dev